Archive member included to satisfy reference by file (symbol)

E:/CUBEIDE/STM32CubeIDE_1.13.1/STM32CubeIDE/plugins/com.st.stm32cube.ide.mcu.externaltools.gnu-tools-for-stm32.11.3.rel1.win32_1.1.0.202305231506/tools/bin/../lib/gcc/arm-none-eabi/11.3.1/../../../../arm-none-eabi/lib/thumb/v7e-m+fp/hard\libc_nano.a(libc_a-exit.o)
                              E:/CUBEIDE/STM32CubeIDE_1.13.1/STM32CubeIDE/plugins/com.st.stm32cube.ide.mcu.externaltools.gnu-tools-for-stm32.11.3.rel1.win32_1.1.0.202305231506/tools/bin/../lib/gcc/arm-none-eabi/11.3.1/../../../../arm-none-eabi/lib/thumb/v7e-m+fp/hard/crt0.o (exit)
E:/CUBEIDE/STM32CubeIDE_1.13.1/STM32CubeIDE/plugins/com.st.stm32cube.ide.mcu.externaltools.gnu-tools-for-stm32.11.3.rel1.win32_1.1.0.202305231506/tools/bin/../lib/gcc/arm-none-eabi/11.3.1/../../../../arm-none-eabi/lib/thumb/v7e-m+fp/hard\libc_nano.a(libc_a-findfp.o)
                              ./Middlewares/FreeRTOS/tasks.o (__sf)
E:/CUBEIDE/STM32CubeIDE_1.13.1/STM32CubeIDE/plugins/com.st.stm32cube.ide.mcu.externaltools.gnu-tools-for-stm32.11.3.rel1.win32_1.1.0.202305231506/tools/bin/../lib/gcc/arm-none-eabi/11.3.1/../../../../arm-none-eabi/lib/thumb/v7e-m+fp/hard\libc_nano.a(libc_a-fwalk.o)
                              E:/CUBEIDE/STM32CubeIDE_1.13.1/STM32CubeIDE/plugins/com.st.stm32cube.ide.mcu.externaltools.gnu-tools-for-stm32.11.3.rel1.win32_1.1.0.202305231506/tools/bin/../lib/gcc/arm-none-eabi/11.3.1/../../../../arm-none-eabi/lib/thumb/v7e-m+fp/hard\libc_nano.a(libc_a-findfp.o) (_fwalk_sglue)
E:/CUBEIDE/STM32CubeIDE_1.13.1/STM32CubeIDE/plugins/com.st.stm32cube.ide.mcu.externaltools.gnu-tools-for-stm32.11.3.rel1.win32_1.1.0.202305231506/tools/bin/../lib/gcc/arm-none-eabi/11.3.1/../../../../arm-none-eabi/lib/thumb/v7e-m+fp/hard\libc_nano.a(libc_a-stdio.o)
                              E:/CUBEIDE/STM32CubeIDE_1.13.1/STM32CubeIDE/plugins/com.st.stm32cube.ide.mcu.externaltools.gnu-tools-for-stm32.11.3.rel1.win32_1.1.0.202305231506/tools/bin/../lib/gcc/arm-none-eabi/11.3.1/../../../../arm-none-eabi/lib/thumb/v7e-m+fp/hard\libc_nano.a(libc_a-findfp.o) (__sread)
E:/CUBEIDE/STM32CubeIDE_1.13.1/STM32CubeIDE/plugins/com.st.stm32cube.ide.mcu.externaltools.gnu-tools-for-stm32.11.3.rel1.win32_1.1.0.202305231506/tools/bin/../lib/gcc/arm-none-eabi/11.3.1/../../../../arm-none-eabi/lib/thumb/v7e-m+fp/hard\libc_nano.a(libc_a-memset.o)
                              E:/CUBEIDE/STM32CubeIDE_1.13.1/STM32CubeIDE/plugins/com.st.stm32cube.ide.mcu.externaltools.gnu-tools-for-stm32.11.3.rel1.win32_1.1.0.202305231506/tools/bin/../lib/gcc/arm-none-eabi/11.3.1/../../../../arm-none-eabi/lib/thumb/v7e-m+fp/hard/crt0.o (memset)
E:/CUBEIDE/STM32CubeIDE_1.13.1/STM32CubeIDE/plugins/com.st.stm32cube.ide.mcu.externaltools.gnu-tools-for-stm32.11.3.rel1.win32_1.1.0.202305231506/tools/bin/../lib/gcc/arm-none-eabi/11.3.1/../../../../arm-none-eabi/lib/thumb/v7e-m+fp/hard\libc_nano.a(libc_a-closer.o)
                              E:/CUBEIDE/STM32CubeIDE_1.13.1/STM32CubeIDE/plugins/com.st.stm32cube.ide.mcu.externaltools.gnu-tools-for-stm32.11.3.rel1.win32_1.1.0.202305231506/tools/bin/../lib/gcc/arm-none-eabi/11.3.1/../../../../arm-none-eabi/lib/thumb/v7e-m+fp/hard\libc_nano.a(libc_a-stdio.o) (_close_r)
E:/CUBEIDE/STM32CubeIDE_1.13.1/STM32CubeIDE/plugins/com.st.stm32cube.ide.mcu.externaltools.gnu-tools-for-stm32.11.3.rel1.win32_1.1.0.202305231506/tools/bin/../lib/gcc/arm-none-eabi/11.3.1/../../../../arm-none-eabi/lib/thumb/v7e-m+fp/hard\libc_nano.a(libc_a-reent.o)
                              ./Middlewares/FreeRTOS/tasks.o (_reclaim_reent)
E:/CUBEIDE/STM32CubeIDE_1.13.1/STM32CubeIDE/plugins/com.st.stm32cube.ide.mcu.externaltools.gnu-tools-for-stm32.11.3.rel1.win32_1.1.0.202305231506/tools/bin/../lib/gcc/arm-none-eabi/11.3.1/../../../../arm-none-eabi/lib/thumb/v7e-m+fp/hard\libc_nano.a(libc_a-impure.o)
                              ./Middlewares/FreeRTOS/tasks.o (_impure_ptr)
E:/CUBEIDE/STM32CubeIDE_1.13.1/STM32CubeIDE/plugins/com.st.stm32cube.ide.mcu.externaltools.gnu-tools-for-stm32.11.3.rel1.win32_1.1.0.202305231506/tools/bin/../lib/gcc/arm-none-eabi/11.3.1/../../../../arm-none-eabi/lib/thumb/v7e-m+fp/hard\libc_nano.a(libc_a-lseekr.o)
                              E:/CUBEIDE/STM32CubeIDE_1.13.1/STM32CubeIDE/plugins/com.st.stm32cube.ide.mcu.externaltools.gnu-tools-for-stm32.11.3.rel1.win32_1.1.0.202305231506/tools/bin/../lib/gcc/arm-none-eabi/11.3.1/../../../../arm-none-eabi/lib/thumb/v7e-m+fp/hard\libc_nano.a(libc_a-stdio.o) (_lseek_r)
E:/CUBEIDE/STM32CubeIDE_1.13.1/STM32CubeIDE/plugins/com.st.stm32cube.ide.mcu.externaltools.gnu-tools-for-stm32.11.3.rel1.win32_1.1.0.202305231506/tools/bin/../lib/gcc/arm-none-eabi/11.3.1/../../../../arm-none-eabi/lib/thumb/v7e-m+fp/hard\libc_nano.a(libc_a-readr.o)
[...]
Memory Configuration

Name             Origin             Length             Attributes
CCMRAM           0x0000000010000000 0x0000000000010000 xrw
RAM              0x0000000020000000 0x0000000000020000 xrw
FLASH            0x0000000008000000 0x0000000000100000 xr
*default*        0x0000000000000000 0xffffffffffffffff

Linker script and memory map

LOAD E:/CUBEIDE/STM32CubeIDE_1.13.1/STM32CubeIDE/plugins/com.st.stm32cube.ide.mcu.externaltools.gnu-tools-for-stm32.11.3.rel1.win32_1.1.0.202305231506/tools/bin/../lib/gcc/arm-none-eabi/11.3.1/thumb/v7e-m+fp/hard/crti.o
LOAD E:/CUBEIDE/STM32CubeIDE_1.13.1/STM32CubeIDE/plugins/com.st.stm32cube.ide.mcu.externaltools.gnu-tools-for-stm32.11.3.rel1.win32_1.1.0.202305231506/tools/bin/../lib/gcc/arm-none-eabi/11.3.1/thumb/v7e-m+fp/hard/crtbegin.o
LOAD E:/CUBEIDE/STM32CubeIDE_1.13.1/STM32CubeIDE/plugins/com.st.stm32cube.ide.mcu.externaltools.gnu-tools-for-stm32.11.3.rel1.win32_1.1.0.202305231506/tools/bin/../lib/gcc/arm-none-eabi/11.3.1/../../../../arm-none-eabi/lib/thumb/v7e-m+fp/hard/crt0.o
LOAD ./Application/User/Core/freertos.o
LOAD ./Application/User/Core/main.o
LOAD ./Application/User/Core/stm32f4xx_hal_msp.o
LOAD ./Application/User/Core/stm32f4xx_hal_timebase_tim.o
LOAD ./Application/User/Core/stm32f4xx_it.o
LOAD ./Application/User/Core/syscalls.o
LOAD ./Application/User/Core/sysmem.o
LOAD ./Application/User/Startup/startup_stm32f405rgtx.o
LOAD ./Drivers/CMSIS/system_stm32f4xx.o
LOAD ./Drivers/STM32F4xx_HAL_Driver/stm32f4xx_hal.o
LOAD ./Drivers/STM32F4xx_HAL_Driver/stm32f4xx_hal_cortex.o
LOAD ./Drivers/STM32F4xx_HAL_Driver/stm32f4xx_hal_dma.o
LOAD ./Drivers/STM32F4xx_HAL_Driver/stm32f4xx_hal_dma_ex.o
LOAD ./Drivers/STM32F4xx_HAL_Driver/stm32f4xx_hal_exti.o
LOAD ./Drivers/STM32F4xx_HAL_Driver/stm32f4xx_hal_flash.o
LOAD ./Drivers/STM32F4xx_HAL_Driver/stm32f4xx_hal_flash_ex.o
LOAD ./Drivers/STM32F4xx_HAL_Driver/stm32f4xx_hal_flash_ramfunc.o
LOAD ./Drivers/STM32F4xx_HAL_Driver/stm32f4xx_hal_gpio.o
LOAD ./Drivers/STM32F4xx_HAL_Driver/stm32f4xx_hal_pwr.o
LOAD ./Drivers/STM32F4xx_HAL_Driver/stm32f4xx_hal_pwr_ex.o
LOAD ./Drivers/STM32F4xx_HAL_Driver/stm32f4xx_hal_rcc.o
LOAD ./Drivers/STM32F4xx_HAL_Driver/stm32f4xx_hal_rcc_ex.o
LOAD ./Drivers/STM32F4xx_HAL_Driver/stm32f4xx_hal_tim.o
LOAD ./Drivers/STM32F4xx_HAL_Driver/stm32f4xx_hal_tim_ex.o
LOAD ./Middlewares/FreeRTOS/cmsis_os.o
LOAD ./Middlewares/FreeRTOS/croutine.o
LOAD ./Middlewares/FreeRTOS/event_groups.o
LOAD ./Middlewares/FreeRTOS/heap_4.o
LOAD ./Middlewares/FreeRTOS/list.o
LOAD ./Middlewares/FreeRTOS/port.o
LOAD ./Middlewares/FreeRTOS/queue.o
LOAD ./Middlewares/FreeRTOS/stream_buffer.o
LOAD ./Middlewares/FreeRTOS/tasks.o
LOAD ./Middlewares/FreeRTOS/timers.o
START GROUP
LOAD E:/CUBEIDE/STM32CubeIDE_1.13.1/STM32CubeIDE/plugins/com.st.stm32cube.ide.mcu.externaltools.gnu-tools-for-stm32.11.3.rel1.win32_1.1.0.202305231506/tools/bin/../lib/gcc/arm-none-eabi/11.3.1/../../../../arm-none-eabi/lib/thumb/v7e-m+fp/hard\libc_nano.a
LOAD E:/CUBEIDE/STM32CubeIDE_1.13.1/STM32CubeIDE/plugins/com.st.stm32cube.ide.mcu.externaltools.gnu-tools-for-stm32.11.3.rel1.win32_1.1.0.202305231506/tools/bin/../lib/gcc/arm-none-eabi/11.3.1/../../../../arm-none-eabi/lib/thumb/v7e-m+fp/hard\libm.a
END GROUP
START GROUP
LOAD E:/CUBEIDE/STM32CubeIDE_1.13.1/STM32CubeIDE/plugins/com.st.stm32cube.ide.mcu.externaltools.gnu-tools-for-stm32.11.3.rel1.win32_1.1.0.202305231506/tools/bin/../lib/gcc/arm-none-eabi/11.3.1/thumb/v7e-m+fp/hard\libgcc.a
LOAD E:/CUBEIDE/STM32CubeIDE_1.13.1/STM32CubeIDE/plugins/com.st.stm32cube.ide.mcu.externaltools.gnu-tools-for-stm32.11.3.rel1.win32_1.1.0.202305231506/tools/bin/../lib/gcc/arm-none-eabi/11.3.1/../../../../arm-none-eabi/lib/thumb/v7e-m+fp/hard\libc_nano.a
END GROUP
START GROUP
LOAD E:/CUBEIDE/STM32CubeIDE_1.13.1/STM32CubeIDE/plugins/com.st.stm32cube.ide.mcu.externaltools.gnu-tools-for-stm32.11.3.rel1.win32_1.1.0.202305231506/tools/bin/../lib/gcc/arm-none-eabi/11.3.1/thumb/v7e-m+fp/hard\libgcc.a
LOAD E:/CUBEIDE/STM32CubeIDE_1.13.1/STM32CubeIDE/plugins/com.st.stm32cube.ide.mcu.externaltools.gnu-tools-for-stm32.11.3.rel1.win32_1.1.0.202305231506/tools/bin/../lib/gcc/arm-none-eabi/11.3.1/../../../../arm-none-eabi/lib/thumb/v7e-m+fp/hard\libc_nano.a
LOAD E:/CUBEIDE/STM32CubeIDE_1.13.1/STM32CubeIDE/plugins/com.st.stm32cube.ide.mcu.externaltools.gnu-tools-for-stm32.11.3.rel1.win32_1.1.0.202305231506/tools/bin/../lib/gcc/arm-none-eabi/11.3.1/../../../../arm-none-eabi/lib/thumb/v7e-m+fp/hard\libnosys.a
END GROUP
START GROUP
LOAD E:/CUBEIDE/STM32CubeIDE_1.13.1/STM32CubeIDE/plugins/com.st.stm32cube.ide.mcu.externaltools.gnu-tools-for-stm32.11.3.rel1.win32_1.1.0.202305231506/tools/bin/../lib/gcc/arm-none-eabi/11.3.1/thumb/v7e-m+fp/hard\libgcc.a
LOAD E:/CUBEIDE/STM32CubeIDE_1.13.1/STM32CubeIDE/plugins/com.st.stm32cube.ide.mcu.externaltools.gnu-tools-for-stm32.11.3.rel1.win32_1.1.0.202305231506/tools/bin/../lib/gcc/arm-none-eabi/11.3.1/../../../../arm-none-eabi/lib/thumb/v7e-m+fp/hard\libc_nano.a
LOAD E:/CUBEIDE/STM32CubeIDE_1.13.1/STM32CubeIDE/plugins/com.st.stm32cube.ide.mcu.externaltools.gnu-tools-for-stm32.11.3.rel1.win32_1.1.0.202305231506/tools/bin/../lib/gcc/arm-none-eabi/11.3.1/../../../../arm-none-eabi/lib/thumb/v7e-m+fp/hard\libnosys.a
END GROUP
LOAD E:/CUBEIDE/STM32CubeIDE_1.13.1/STM32CubeIDE/plugins/com.st.stm32cube.ide.mcu.externaltools.gnu-tools-for-stm32.11.3.rel1.win32_1.1.0.202305231506/tools/bin/../lib/gcc/arm-none-eabi/11.3.1/thumb/v7e-m+fp/hard/crtend.o
LOAD E:/CUBEIDE/STM32CubeIDE_1.13.1/STM32CubeIDE/plugins/com.st.stm32cube.ide.mcu.externaltools.gnu-tools-for-stm32.11.3.rel1.win32_1.1.0.202305231506/tools/bin/../lib/gcc/arm-none-eabi/11.3.1/thumb/v7e-m+fp/hard/crtn.o
                0x0000000020020000                _estack = (ORIGIN (RAM) + LENGTH (RAM))
                0x0000000000000200                _Min_Heap_Size = 0x200
                0x0000000000000400                _Min_Stack_Size = 0x400

.isr_vector     0x0000000008000000      0x188
                0x0000000008000000                . = ALIGN (0x4)
 *(.isr_vector)
 .isr_vector    0x0000000008000000      0x188 ./Application/User/Startup/startup_stm32f405rgtx.o
                0x0000000008000000                g_pfnVectors
                0x0000000008000188                . = ALIGN (0x4)

.text           0x0000000008000190     0x33d0
                0x0000000008000190                . = ALIGN (0x4)
 *(.text)
 .text          0x0000000008000190       0x40 E:/CUBEIDE/STM32CubeIDE_1.13.1/STM32CubeIDE/plugins/com.st.stm32cube.ide.mcu.externaltools.gnu-tools-for-stm32.11.3.rel1.win32_1.1.0.202305231506/tools/bin/../lib/gcc/arm-none-eabi/11.3.1/thumb/v7e-m+fp/hard/crtbegin.o
 .text          0x00000000080001d0       0x30 E:/CUBEIDE/STM32CubeIDE_1.13.1/STM32CubeIDE/plugins/com.st.stm32cube.ide.mcu.externaltools.gnu-tools-for-stm32.11.3.rel1.win32_1.1.0.202305231506/tools/bin/../lib/gcc/arm-none-eabi/11.3.1/thumb/v7e-m+fp/hard\libgcc.a(_aeabi_uldivmod.o)
                0x00000000080001d0                __aeabi_uldivmod
 .text          0x0000000008000200      0x2c8 E:/CUBEIDE/STM32CubeIDE_1.13.1/STM32CubeIDE/plugins/com.st.stm32cube.ide.mcu.externaltools.gnu-tools-for-stm32.11.3.rel1.win32_1.1.0.202305231506/tools/bin/../lib/gcc/arm-none-eabi/11.3.1/thumb/v7e-m+fp/hard\libgcc.a(_udivmoddi4.o)
                0x0000000008000200                __udivmoddi4
 .text          0x00000000080004c8        0x4 E:/CUBEIDE/STM32CubeIDE_1.13.1/STM32CubeIDE/plugins/com.st.stm32cube.ide.mcu.externaltools.gnu-tools-for-stm32.11.3.rel1.win32_1.1.0.202305231506/tools/bin/../lib/gcc/arm-none-eabi/11.3.1/thumb/v7e-m+fp/hard\libgcc.a(_dvmd_tls.o)
                0x00000000080004c8                __aeabi_idiv0
                0x00000000080004c8                __aeabi_ldiv0
 *(.text*)
 .text.vApplicationGetIdleTaskMemory
                0x00000000080004cc       0x34 ./Application/User/Core/freertos.o
                0x00000000080004cc                vApplicationGetIdleTaskMemory
 .text.main     0x0000000008000500       0xcc ./Application/User/Core/main.o
                0x0000000008000500                main
 .text.SystemClock_Config
                0x00000000080005cc       0xd4 ./Application/User/Core/main.o
                0x00000000080005cc                SystemClock_Config
 .text.MX_GPIO_Init
                0x00000000080006a0       0xa0 ./Application/User/Core/main.o
 .text.LED_Thread
                0x0000000008000740       0x20 ./Application/User/Core/main.o
                0x0000000008000740                LED_Thread
 .text.LED_Thread1
                0x0000000008000760       0x20 ./Application/User/Core/main.o
                0x0000000008000760                LED_Thread1
 .text.LED_Thread2
                0x0000000008000780       0x20 ./Application/User/Core/main.o
                0x0000000008000780                LED_Thread2
 .text.LED_Thread3
                0x00000000080007a0       0x20 ./Application/User/Core/main.o
                0x00000000080007a0                LED_Thread3
 .text.HAL_TIM_PeriodElapsedCallback
                0x00000000080007c0       0x24 ./Application/User/Core/main.o
                0x00000000080007c0                HAL_TIM_PeriodElapsedCallback
 .text.Error_Handler
                0x00000000080007e4        0xa ./Application/User/Core/main.o
                0x00000000080007e4                Error_Handler
 *fill*         0x00000000080007ee        0x2 
 .text.HAL_MspInit
                0x00000000080007f0       0x58 ./Application/User/Core/stm32f4xx_hal_msp.o
                0x00000000080007f0                HAL_MspInit
 .text.HAL_InitTick
                0x0000000008000848       0xe8 ./Application/User/Core/stm32f4xx_hal_timebase_tim.o
                0x0000000008000848                HAL_InitTick
 .text.NMI_Handler
                0x0000000008000930        0x6 ./Application/User/Core/stm32f4xx_it.o
                0x0000000008000930                NMI_Handler
 .text.HardFault_Handler
                0x0000000008000936        0x6 ./Application/User/Core/stm32f4xx_it.o
                0x0000000008000936                HardFault_Handler
 .text.MemManage_Handler
                0x000000000800093c        0x6 ./Application/User/Core/stm32f4xx_it.o
                0x000000000800093c                MemManage_Handler
 .text.BusFault_Handler
                0x0000000008000942        0x6 ./Application/User/Core/stm32f4xx_it.o
                0x0000000008000942                BusFault_Handler
 .text.UsageFault_Handler
                0x0000000008000948        0x6 ./Application/User/Core/stm32f4xx_it.o
                0x0000000008000948                UsageFault_Handler
 .text.DebugMon_Handler
                0x000000000800094e        0xe ./Application/User/Core/stm32f4xx_it.o
                0x000000000800094e                DebugMon_Handler
 .text.TIM1_UP_TIM10_IRQHandler
                0x000000000800095c       0x14 ./Application/User/Core/stm32f4xx_it.o
                0x000000000800095c                TIM1_UP_TIM10_IRQHandler
 .text.Reset_Handler
                0x0000000008000970       0x50 ./Application/User/Startup/startup_stm32f405rgtx.o
                0x0000000008000970                Reset_Handler
 .text.Default_Handler
                0x00000000080009c0        0x2 ./Application/User/Startup/startup_stm32f405rgtx.o
                0x00000000080009c0                RTC_Alarm_IRQHandler
                0x00000000080009c0                HASH_RNG_IRQHandler
                0x00000000080009c0                EXTI2_IRQHandler
                0x00000000080009c0                TIM8_CC_IRQHandler
                0x00000000080009c0                TIM1_CC_IRQHandler
                0x00000000080009c0                DMA2_Stream5_IRQHandler
                0x00000000080009c0                DMA1_Stream5_IRQHandler
                0x00000000080009c0                PVD_IRQHandler
                0x00000000080009c0                SDIO_IRQHandler
                0x00000000080009c0                TAMP_STAMP_IRQHandler
                0x00000000080009c0                CAN2_RX1_IRQHandler
                0x00000000080009c0                EXTI3_IRQHandler
                0x00000000080009c0                TIM8_TRG_COM_TIM14_IRQHandler
                0x00000000080009c0                TIM8_UP_TIM13_IRQHandler
                0x00000000080009c0                I2C3_ER_IRQHandler
                0x00000000080009c0                EXTI0_IRQHandler
                0x00000000080009c0                I2C2_EV_IRQHandler
                0x00000000080009c0                DMA1_Stream2_IRQHandler
                0x00000000080009c0                CAN1_RX0_IRQHandler
                0x00000000080009c0                FPU_IRQHandler
                0x00000000080009c0                OTG_HS_WKUP_IRQHandler
                0x00000000080009c0                CAN2_SCE_IRQHandler
                0x00000000080009c0                DMA2_Stream2_IRQHandler
                0x00000000080009c0                SPI1_IRQHandler
                0x00000000080009c0                TIM6_DAC_IRQHandler
                0x00000000080009c0                TIM1_BRK_TIM9_IRQHandler
                0x00000000080009c0                CAN2_RX0_IRQHandler
                0x00000000080009c0                DMA2_Stream3_IRQHandler
                0x00000000080009c0                USART6_IRQHandler
                0x00000000080009c0                USART3_IRQHandler
                0x00000000080009c0                CAN1_RX1_IRQHandler
                0x00000000080009c0                UART5_IRQHandler
                0x00000000080009c0                DMA2_Stream0_IRQHandler
                0x00000000080009c0                TIM4_IRQHandler
                0x00000000080009c0                I2C1_EV_IRQHandler
                0x00000000080009c0                DMA1_Stream6_IRQHandler
                0x00000000080009c0                DMA1_Stream1_IRQHandler
                0x00000000080009c0                UART4_IRQHandler
                0x00000000080009c0                TIM3_IRQHandler
                0x00000000080009c0                RCC_IRQHandler
                0x00000000080009c0                TIM8_BRK_TIM12_IRQHandler
                0x00000000080009c0                Default_Handler
                0x00000000080009c0                EXTI15_10_IRQHandler
                0x00000000080009c0                ADC_IRQHandler
                0x00000000080009c0                DMA1_Stream7_IRQHandler
                0x00000000080009c0                TIM7_IRQHandler
                0x00000000080009c0                CAN2_TX_IRQHandler
                0x00000000080009c0                TIM5_IRQHandler
                0x00000000080009c0                DMA2_Stream7_IRQHandler
                0x00000000080009c0                I2C3_EV_IRQHandler
                0x00000000080009c0                EXTI9_5_IRQHandler
                0x00000000080009c0                RTC_WKUP_IRQHandler
                0x00000000080009c0                SPI2_IRQHandler
                0x00000000080009c0                OTG_HS_EP1_IN_IRQHandler
                0x00000000080009c0                DMA1_Stream0_IRQHandler
                0x00000000080009c0                CAN1_TX_IRQHandler
                0x00000000080009c0                EXTI4_IRQHandler
                0x00000000080009c0                FSMC_IRQHandler
                0x00000000080009c0                OTG_HS_EP1_OUT_IRQHandler
                0x00000000080009c0                WWDG_IRQHandler
                0x00000000080009c0                TIM2_IRQHandler
                0x00000000080009c0                OTG_FS_WKUP_IRQHandler
                0x00000000080009c0                TIM1_TRG_COM_TIM11_IRQHandler
                0x00000000080009c0                OTG_HS_IRQHandler
                0x00000000080009c0                EXTI1_IRQHandler
                0x00000000080009c0                USART2_IRQHandler
                0x00000000080009c0                I2C2_ER_IRQHandler
                0x00000000080009c0                DMA2_Stream1_IRQHandler
                0x00000000080009c0                CAN1_SCE_IRQHandler
                0x00000000080009c0                FLASH_IRQHandler
                0x00000000080009c0                DMA2_Stream4_IRQHandler
                0x00000000080009c0                USART1_IRQHandler
                0x00000000080009c0                OTG_FS_IRQHandler
                0x00000000080009c0                SPI3_IRQHandler
                0x00000000080009c0                DMA1_Stream4_IRQHandler
                0x00000000080009c0                I2C1_ER_IRQHandler
                0x00000000080009c0                DMA2_Stream6_IRQHandler
                0x00000000080009c0                DMA1_Stream3_IRQHandler
 *fill*         0x00000000080009c2        0x2 
 .text.SystemInit
                0x00000000080009c4       0x24 ./Drivers/CMSIS/system_stm32f4xx.o
                0x00000000080009c4                SystemInit
 .text.HAL_Init
                0x00000000080009e8       0x44 ./Drivers/STM32F4xx_HAL_Driver/stm32f4xx_hal.o
                0x00000000080009e8                HAL_Init
 .text.HAL_IncTick
                0x0000000008000a2c       0x28 ./Drivers/STM32F4xx_HAL_Driver/stm32f4xx_hal.o
                0x0000000008000a2c                HAL_IncTick
 .text.HAL_GetTick
                0x0000000008000a54       0x18 ./Drivers/STM32F4xx_HAL_Driver/stm32f4xx_hal.o
                0x0000000008000a54                HAL_GetTick
 .text.__NVIC_SetPriorityGrouping
                0x0000000008000a6c       0x48 ./Drivers/STM32F4xx_HAL_Driver/stm32f4xx_hal_cortex.o
 .text.__NVIC_GetPriorityGrouping
                0x0000000008000ab4       0x1c ./Drivers/STM32F4xx_HAL_Driver/stm32f4xx_hal_cortex.o
 .text.__NVIC_EnableIRQ
                0x0000000008000ad0       0x3c ./Drivers/STM32F4xx_HAL_Driver/stm32f4xx_hal_cortex.o
 .text.__NVIC_SetPriority
                0x0000000008000b0c       0x54 ./Drivers/STM32F4xx_HAL_Driver/stm32f4xx_hal_cortex.o
 .text.NVIC_EncodePriority
                0x0000000008000b60       0x66 ./Drivers/STM32F4xx_HAL_Driver/stm32f4xx_hal_cortex.o
 .text.HAL_NVIC_SetPriorityGrouping
                0x0000000008000bc6       0x16 ./Drivers/STM32F4xx_HAL_Driver/stm32f4xx_hal_cortex.o
                0x0000000008000bc6                HAL_NVIC_SetPriorityGrouping
 .text.HAL_NVIC_SetPriority
                0x0000000008000bdc       0x38 ./Drivers/STM32F4xx_HAL_Driver/stm32f4xx_hal_cortex.o
                0x0000000008000bdc                HAL_NVIC_SetPriority
 .text.HAL_NVIC_EnableIRQ
                0x0000000008000c14       0x1c ./Drivers/STM32F4xx_HAL_Driver/stm32f4xx_hal_cortex.o
                0x0000000008000c14                HAL_NVIC_EnableIRQ
 .text.HAL_GPIO_Init
                0x0000000008000c30      0x338 ./Drivers/STM32F4xx_HAL_Driver/stm32f4xx_hal_gpio.o
                0x0000000008000c30                HAL_GPIO_Init
 .text.HAL_GPIO_WritePin
                0x0000000008000f68       0x32 ./Drivers/STM32F4xx_HAL_Driver/stm32f4xx_hal_gpio.o
                0x0000000008000f68                HAL_GPIO_WritePin
 .text.HAL_GPIO_TogglePin
                0x0000000008000f9a       0x34 ./Drivers/STM32F4xx_HAL_Driver/stm32f4xx_hal_gpio.o
                0x0000000008000f9a                HAL_GPIO_TogglePin
 *fill*         0x0000000008000fce        0x2 
 .text.HAL_RCC_OscConfig
                0x0000000008000fd0      0x4f0 ./Drivers/STM32F4xx_HAL_Driver/stm32f4xx_hal_rcc.o
                0x0000000008000fd0                HAL_RCC_OscConfig
 .text.HAL_RCC_ClockConfig
                0x00000000080014c0      0x1cc ./Drivers/STM32F4xx_HAL_Driver/stm32f4xx_hal_rcc.o
                0x00000000080014c0                HAL_RCC_ClockConfig
 .text.HAL_RCC_GetSysClockFreq
                0x000000000800168c      0x20c ./Drivers/STM32F4xx_HAL_Driver/stm32f4xx_hal_rcc.o
                0x000000000800168c                HAL_RCC_GetSysClockFreq
 .text.HAL_RCC_GetHCLKFreq
                0x0000000008001898       0x18 ./Drivers/STM32F4xx_HAL_Driver/stm32f4xx_hal_rcc.o
                0x0000000008001898                HAL_RCC_GetHCLKFreq
 .text.HAL_RCC_GetPCLK2Freq
                0x00000000080018b0       0x28 ./Drivers/STM32F4xx_HAL_Driver/stm32f4xx_hal_rcc.o
                0x00000000080018b0                HAL_RCC_GetPCLK2Freq
 .text.HAL_RCC_GetClockConfig
                0x00000000080018d8       0x64 ./Drivers/STM32F4xx_HAL_Driver/stm32f4xx_hal_rcc.o
                0x00000000080018d8                HAL_RCC_GetClockConfig
 .text.HAL_TIM_Base_Init
                0x000000000800193c       0x9e ./Drivers/STM32F4xx_HAL_Driver/stm32f4xx_hal_tim.o
                0x000000000800193c                HAL_TIM_Base_Init
 .text.HAL_TIM_Base_MspInit
                0x00000000080019da       0x14 ./Drivers/STM32F4xx_HAL_Driver/stm32f4xx_hal_tim.o
                0x00000000080019da                HAL_TIM_Base_MspInit
 *fill*         0x00000000080019ee        0x2 
 .text.HAL_TIM_Base_Start_IT
                0x00000000080019f0       0xe0 ./Drivers/STM32F4xx_HAL_Driver/stm32f4xx_hal_tim.o
                0x00000000080019f0                HAL_TIM_Base_Start_IT
 .text.HAL_TIM_IRQHandler
                0x0000000008001ad0      0x210 ./Drivers/STM32F4xx_HAL_Driver/stm32f4xx_hal_tim.o
                0x0000000008001ad0                HAL_TIM_IRQHandler
 .text.HAL_TIM_OC_DelayElapsedCallback
                0x0000000008001ce0       0x14 ./Drivers/STM32F4xx_HAL_Driver/stm32f4xx_hal_tim.o
                0x0000000008001ce0                HAL_TIM_OC_DelayElapsedCallback
 .text.HAL_TIM_IC_CaptureCallback
                0x0000000008001cf4       0x14 ./Drivers/STM32F4xx_HAL_Driver/stm32f4xx_hal_tim.o
                0x0000000008001cf4                HAL_TIM_IC_CaptureCallback
 .text.HAL_TIM_PWM_PulseFinishedCallback
                0x0000000008001d08       0x14 ./Drivers/STM32F4xx_HAL_Driver/stm32f4xx_hal_tim.o
                0x0000000008001d08                HAL_TIM_PWM_PulseFinishedCallback
 .text.HAL_TIM_TriggerCallback
                0x0000000008001d1c       0x14 ./Drivers/STM32F4xx_HAL_Driver/stm32f4xx_hal_tim.o
                0x0000000008001d1c                HAL_TIM_TriggerCallback
 .text.TIM_Base_SetConfig
                0x0000000008001d30      0x140 ./Drivers/STM32F4xx_HAL_Driver/stm32f4xx_hal_tim.o
                0x0000000008001d30                TIM_Base_SetConfig
 .text.HAL_TIMEx_CommutCallback
                0x0000000008001e70       0x14 ./Drivers/STM32F4xx_HAL_Driver/stm32f4xx_hal_tim_ex.o
                0x0000000008001e70                HAL_TIMEx_CommutCallback
 .text.HAL_TIMEx_BreakCallback
                0x0000000008001e84       0x14 ./Drivers/STM32F4xx_HAL_Driver/stm32f4xx_hal_tim_ex.o
                0x0000000008001e84                HAL_TIMEx_BreakCallback
 .text.makeFreeRtosPriority
                0x0000000008001e98       0x30 ./Middlewares/FreeRTOS/cmsis_os.o
 .text.osKernelStart
                0x0000000008001ec8        0xe ./Middlewares/FreeRTOS/cmsis_os.o
                0x0000000008001ec8                osKernelStart
 .text.osThreadCreate
                0x0000000008001ed6       0x98 ./Middlewares/FreeRTOS/cmsis_os.o
                0x0000000008001ed6                osThreadCreate
 .text.osDelay  0x0000000008001f6e       0x28 ./Middlewares/FreeRTOS/cmsis_os.o
                0x0000000008001f6e                osDelay
 *fill*         0x0000000008001f96        0x2 
 .text.pvPortMalloc
                0x0000000008001f98      0x198 ./Middlewares/FreeRTOS/heap_4.o
                0x0000000008001f98                pvPortMalloc
 .text.vPortFree
                0x0000000008002130       0xc4 ./Middlewares/FreeRTOS/heap_4.o
                0x0000000008002130                vPortFree
 .text.prvHeapInit
                0x00000000080021f4       0xc4 ./Middlewares/FreeRTOS/heap_4.o
 .text.prvInsertBlockIntoFreeList
                0x00000000080022b8       0xb4 ./Middlewares/FreeRTOS/heap_4.o
 .text.vListInitialise
                0x000000000800236c       0x40 ./Middlewares/FreeRTOS/list.o
                0x000000000800236c                vListInitialise
 .text.vListInitialiseItem
                0x00000000080023ac       0x1a ./Middlewares/FreeRTOS/list.o
                0x00000000080023ac                vListInitialiseItem
 .text.vListInsertEnd
                0x00000000080023c6       0x48 ./Middlewares/FreeRTOS/list.o
                0x00000000080023c6                vListInsertEnd
 .text.vListInsert
                0x000000000800240e       0x72 ./Middlewares/FreeRTOS/list.o
                0x000000000800240e                vListInsert
 .text.uxListRemove
                0x0000000008002480       0x54 ./Middlewares/FreeRTOS/list.o
                0x0000000008002480                uxListRemove
 .text.pxPortInitialiseStack
                0x00000000080024d4       0x68 ./Middlewares/FreeRTOS/port.o
                0x00000000080024d4                pxPortInitialiseStack
 .text.prvTaskExitError
                0x000000000800253c       0x58 ./Middlewares/FreeRTOS/port.o
 *fill*         0x0000000008002594        0xc 
 .text.SVC_Handler
                0x00000000080025a0       0x28 ./Middlewares/FreeRTOS/port.o
                0x00000000080025a0                SVC_Handler
 .text.prvPortStartFirstTask
                0x00000000080025c8       0x28 ./Middlewares/FreeRTOS/port.o
 .text.xPortStartScheduler
                0x00000000080025f0      0x144 ./Middlewares/FreeRTOS/port.o
                0x00000000080025f0                xPortStartScheduler
 .text.vPortEnterCritical
                0x0000000008002734       0x60 ./Middlewares/FreeRTOS/port.o
                0x0000000008002734                vPortEnterCritical
 .text.vPortExitCritical
                0x0000000008002794       0x54 ./Middlewares/FreeRTOS/port.o
                0x0000000008002794                vPortExitCritical
 *fill*         0x00000000080027e8        0x8 
 .text.PendSV_Handler
                0x00000000080027f0       0x68 ./Middlewares/FreeRTOS/port.o
                0x00000000080027f0                PendSV_Handler
 .text.SysTick_Handler
                0x0000000008002858       0x44 ./Middlewares/FreeRTOS/port.o
                0x0000000008002858                SysTick_Handler
 .text.vPortSetupTimerInterrupt
                0x000000000800289c       0x48 ./Middlewares/FreeRTOS/port.o
                0x000000000800289c                vPortSetupTimerInterrupt
 .text.vPortEnableVFP
                0x00000000080028e4       0x14 ./Middlewares/FreeRTOS/port.o
 .text.xTaskCreateStatic
                0x00000000080028f8       0xba ./Middlewares/FreeRTOS/tasks.o
                0x00000000080028f8                xTaskCreateStatic
 .text.xTaskCreate
                0x00000000080029b2       0x8a ./Middlewares/FreeRTOS/tasks.o
                0x00000000080029b2                xTaskCreate
 .text.prvInitialiseNewTask
                0x0000000008002a3c      0x13c ./Middlewares/FreeRTOS/tasks.o
 .text.prvAddNewTaskToReadyList
                0x0000000008002b78       0xd4 ./Middlewares/FreeRTOS/tasks.o
 .text.vTaskDelay
                0x0000000008002c4c       0x68 ./Middlewares/FreeRTOS/tasks.o
                0x0000000008002c4c                vTaskDelay
 .text.vTaskStartScheduler
                0x0000000008002cb4       0xd4 ./Middlewares/FreeRTOS/tasks.o
                0x0000000008002cb4                vTaskStartScheduler
 .text.vTaskSuspendAll
                0x0000000008002d88       0x1c ./Middlewares/FreeRTOS/tasks.o
                0x0000000008002d88                vTaskSuspendAll
 .text.xTaskResumeAll
                0x0000000008002da4      0x138 ./Middlewares/FreeRTOS/tasks.o
                0x0000000008002da4                xTaskResumeAll
 .text.xTaskIncrementTick
                0x0000000008002edc      0x170 ./Middlewares/FreeRTOS/tasks.o
                0x0000000008002edc                xTaskIncrementTick
 .text.vTaskSwitchContext
                0x000000000800304c       0xc4 ./Middlewares/FreeRTOS/tasks.o
                0x000000000800304c                vTaskSwitchContext
 .text.prvIdleTask
                0x0000000008003110       0x30 ./Middlewares/FreeRTOS/tasks.o
 .text.prvInitialiseTaskLists
                0x0000000008003140       0x80 ./Middlewares/FreeRTOS/tasks.o
 .text.prvCheckTasksWaitingTermination
                0x00000000080031c0       0x5c ./Middlewares/FreeRTOS/tasks.o
 .text.prvDeleteTCB
                0x000000000800321c       0x68 ./Middlewares/FreeRTOS/tasks.o
 .text.prvResetNextTaskUnblockTime
                0x0000000008003284       0x40 ./Middlewares/FreeRTOS/tasks.o
 .text.prvAddCurrentTaskToDelayedList
                0x00000000080032c4       0xcc ./Middlewares/FreeRTOS/tasks.o
 .text.memset   0x0000000008003390       0x10 E:/CUBEIDE/STM32CubeIDE_1.13.1/STM32CubeIDE/plugins/com.st.stm32cube.ide.mcu.externaltools.gnu-tools-for-stm32.11.3.rel1.win32_1.1.0.202305231506/tools/bin/../lib/gcc/arm-none-eabi/11.3.1/../../../../arm-none-eabi/lib/thumb/v7e-m+fp/hard\libc_nano.a(libc_a-memset.o)
                0x0000000008003390                memset
 .text._reclaim_reent
                0x00000000080033a0       0xac E:/CUBEIDE/STM32CubeIDE_1.13.1/STM32CubeIDE/plugins/com.st.stm32cube.ide.mcu.externaltools.gnu-tools-for-stm32.11.3.rel1.win32_1.1.0.202305231506/tools/bin/../lib/gcc/arm-none-eabi/11.3.1/../../../../arm-none-eabi/lib/thumb/v7e-m+fp/hard\libc_nano.a(libc_a-reent.o)
                0x00000000080033a0                _reclaim_reent
 .text.__libc_init_array
                0x000000000800344c       0x48 E:/CUBEIDE/STM32CubeIDE_1.13.1/STM32CubeIDE/plugins/com.st.stm32cube.ide.mcu.externaltools.gnu-tools-for-stm32.11.3.rel1.win32_1.1.0.202305231506/tools/bin/../lib/gcc/arm-none-eabi/11.3.1/../../../../arm-none-eabi/lib/thumb/v7e-m+fp/hard\libc_nano.a(libc_a-init.o)
                0x000000000800344c                __libc_init_array
 .text.__retarget_lock_acquire_recursive
                0x0000000008003494        0x2 E:/CUBEIDE/STM32CubeIDE_1.13.1/STM32CubeIDE/plugins/com.st.stm32cube.ide.mcu.externaltools.gnu-tools-for-stm32.11.3.rel1.win32_1.1.0.202305231506/tools/bin/../lib/gcc/arm-none-eabi/11.3.1/../../../../arm-none-eabi/lib/thumb/v7e-m+fp/hard\libc_nano.a(libc_a-lock.o)
                0x0000000008003494                __retarget_lock_acquire_recursive
 .text.__retarget_lock_release_recursive
                0x0000000008003496        0x2 E:/CUBEIDE/STM32CubeIDE_1.13.1/STM32CubeIDE/plugins/com.st.stm32cube.ide.mcu.externaltools.gnu-tools-for-stm32.11.3.rel1.win32_1.1.0.202305231506/tools/bin/../lib/gcc/arm-none-eabi/11.3.1/../../../../arm-none-eabi/lib/thumb/v7e-m+fp/hard\libc_nano.a(libc_a-lock.o)
                0x0000000008003496                __retarget_lock_release_recursive
 .text._free_r  0x0000000008003498       0x98 E:/CUBEIDE/STM32CubeIDE_1.13.1/STM32CubeIDE/plugins/com.st.stm32cube.ide.mcu.externaltools.gnu-tools-for-stm32.11.3.rel1.win32_1.1.0.202305231506/tools/bin/../lib/gcc/arm-none-eabi/11.3.1/../../../../arm-none-eabi/lib/thumb/v7e-m+fp/hard\libc_nano.a(libc_a-freer.o)
                0x0000000008003498                _free_r
 .text.__malloc_lock
                0x0000000008003530        0xc E:/CUBEIDE/STM32CubeIDE_1.13.1/STM32CubeIDE/plugins/com.st.stm32cube.ide.mcu.externaltools.gnu-tools-for-stm32.11.3.rel1.win32_1.1.0.202305231506/tools/bin/../lib/gcc/arm-none-eabi/11.3.1/../../../../arm-none-eabi/lib/thumb/v7e-m+fp/hard\libc_nano.a(libc_a-mlock.o)
                0x0000000008003530                __malloc_lock
 .text.__malloc_unlock
                0x000000000800353c        0xc E:/CUBEIDE/STM32CubeIDE_1.13.1/STM32CubeIDE/plugins/com.st.stm32cube.ide.mcu.externaltools.gnu-tools-for-stm32.11.3.rel1.win32_1.1.0.202305231506/tools/bin/../lib/gcc/arm-none-eabi/11.3.1/../../../../arm-none-eabi/lib/thumb/v7e-m+fp/hard\libc_nano.a(libc_a-mlock.o)
                0x000000000800353c                __malloc_unlock
 *(.glue_7)
 .glue_7        0x0000000008003548        0x0 linker stubs
 *(.glue_7t)
 .glue_7t       0x0000000008003548        0x0 linker stubs
 *(.eh_frame)
 .eh_frame      0x0000000008003548        0x0 E:/CUBEIDE/STM32CubeIDE_1.13.1/STM32CubeIDE/plugins/com.st.stm32cube.ide.mcu.externaltools.gnu-tools-for-stm32.11.3.rel1.win32_1.1.0.202305231506/tools/bin/../lib/gcc/arm-none-eabi/11.3.1/thumb/v7e-m+fp/hard/crtbegin.o
 *(.init)
 .init          0x0000000008003548        0x4 E:/CUBEIDE/STM32CubeIDE_1.13.1/STM32CubeIDE/plugins/com.st.stm32cube.ide.mcu.externaltools.gnu-tools-for-stm32.11.3.rel1.win32_1.1.0.202305231506/tools/bin/../lib/gcc/arm-none-eabi/11.3.1/thumb/v7e-m+fp/hard/crti.o
                0x0000000008003548                _init
 .init          0x000000000800354c        0x8 E:/CUBEIDE/STM32CubeIDE_1.13.1/STM32CubeIDE/plugins/com.st.stm32cube.ide.mcu.externaltools.gnu-tools-for-stm32.11.3.rel1.win32_1.1.0.202305231506/tools/bin/../lib/gcc/arm-none-eabi/11.3.1/thumb/v7e-m+fp/hard/crtn.o
 *(.fini)
 .fini          0x0000000008003554        0x4 E:/CUBEIDE/STM32CubeIDE_1.13.1/STM32CubeIDE/plugins/com.st.stm32cube.ide.mcu.externaltools.gnu-tools-for-stm32.11.3.rel1.win32_1.1.0.202305231506/tools/bin/../lib/gcc/arm-none-eabi/11.3.1/thumb/v7e-m+fp/hard/crti.o
                0x0000000008003554                _fini
 .fini          0x0000000008003558        0x8 E:/CUBEIDE/STM32CubeIDE_1.13.1/STM32CubeIDE/plugins/com.st.stm32cube.ide.mcu.externaltools.gnu-tools-for-stm32.11.3.rel1.win32_1.1.0.202305231506/tools/bin/../lib/gcc/arm-none-eabi/11.3.1/thumb/v7e-m+fp/hard/crtn.o
                0x0000000008003560                . = ALIGN (0x4)
                0x0000000008003560                _etext = .

.vfp11_veneer   0x0000000008003560        0x0
 .vfp11_veneer  0x0000000008003560        0x0 linker stubs

.v4_bx          0x0000000008003560        0x0
 .v4_bx         0x0000000008003560        0x0 linker stubs

.iplt           0x0000000008003560        0x0
 .iplt          0x0000000008003560        0x0 E:/CUBEIDE/STM32CubeIDE_1.13.1/STM32CubeIDE/plugins/com.st.stm32cube.ide.mcu.externaltools.gnu-tools-for-stm32.11.3.rel1.win32_1.1.0.202305231506/tools/bin/../lib/gcc/arm-none-eabi/11.3.1/thumb/v7e-m+fp/hard/crtbegin.o

.rodata         0x0000000008003560       0xc0
                0x0000000008003560                . = ALIGN (0x4)
 *(.rodata)
 .rodata        0x0000000008003560       0xa0 ./Application/User/Core/main.o
 .rodata        0x0000000008003600        0x5 ./Middlewares/FreeRTOS/tasks.o
 *(.rodata*)
 *fill*         0x0000000008003605        0x3 
 .rodata.AHBPrescTable
                0x0000000008003608       0x10 ./Drivers/CMSIS/system_stm32f4xx.o
                0x0000000008003608                AHBPrescTable
 .rodata.APBPrescTable
                0x0000000008003618        0x8 ./Drivers/CMSIS/system_stm32f4xx.o
                0x0000000008003618                APBPrescTable
                0x0000000008003620                . = ALIGN (0x4)

.ARM.extab      0x0000000008003620        0x0
                0x0000000008003620                . = ALIGN (0x4)
 *(.ARM.extab* .gnu.linkonce.armextab.*)
                0x0000000008003620                . = ALIGN (0x4)

.ARM            0x0000000008003620        0x8
                0x0000000008003620                . = ALIGN (0x4)
                0x0000000008003620                __exidx_start = .
 *(.ARM.exidx*)
 .ARM.exidx     0x0000000008003620        0x8 E:/CUBEIDE/STM32CubeIDE_1.13.1/STM32CubeIDE/plugins/com.st.stm32cube.ide.mcu.externaltools.gnu-tools-for-stm32.11.3.rel1.win32_1.1.0.202305231506/tools/bin/../lib/gcc/arm-none-eabi/11.3.1/thumb/v7e-m+fp/hard\libgcc.a(_udivmoddi4.o)
                0x0000000008003628                __exidx_end = .
                0x0000000008003628                . = ALIGN (0x4)

.rel.dyn        0x0000000008003628        0x0
 .rel.iplt      0x0000000008003628        0x0 E:/CUBEIDE/STM32CubeIDE_1.13.1/STM32CubeIDE/plugins/com.st.stm32cube.ide.mcu.externaltools.gnu-tools-for-stm32.11.3.rel1.win32_1.1.0.202305231506/tools/bin/../lib/gcc/arm-none-eabi/11.3.1/thumb/v7e-m+fp/hard/crtbegin.o

.preinit_array  0x0000000008003628        0x0
                0x0000000008003628                . = ALIGN (0x4)
                0x0000000008003628                PROVIDE (__preinit_array_start = .)
 *(.preinit_array*)
                0x0000000008003628                PROVIDE (__preinit_array_end = .)
                0x0000000008003628                . = ALIGN (0x4)

.init_array     0x0000000008003628        0x4
                0x0000000008003628                . = ALIGN (0x4)
                0x0000000008003628                PROVIDE (__init_array_start = .)
 *(SORT_BY_NAME(.init_array.*))
 *(.init_array*)
 .init_array    0x0000000008003628        0x4 E:/CUBEIDE/STM32CubeIDE_1.13.1/STM32CubeIDE/plugins/com.st.stm32cube.ide.mcu.externaltools.gnu-tools-for-stm32.11.3.rel1.win32_1.1.0.202305231506/tools/bin/../lib/gcc/arm-none-eabi/11.3.1/thumb/v7e-m+fp/hard/crtbegin.o
                0x000000000800362c                PROVIDE (__init_array_end = .)
                0x000000000800362c                . = ALIGN (0x4)

.fini_array     0x000000000800362c        0x4
                0x000000000800362c                . = ALIGN (0x4)
                [!provide]                        PROVIDE (__fini_array_start = .)
 *(SORT_BY_NAME(.fini_array.*))
 *(.fini_array*)
 .fini_array    0x000000000800362c        0x4 E:/CUBEIDE/STM32CubeIDE_1.13.1/STM32CubeIDE/plugins/com.st.stm32cube.ide.mcu.externaltools.gnu-tools-for-stm32.11.3.rel1.win32_1.1.0.202305231506/tools/bin/../lib/gcc/arm-none-eabi/11.3.1/thumb/v7e-m+fp/hard/crtbegin.o
                [!provide]                        PROVIDE (__fini_array_end = .)
                0x0000000008003630                . = ALIGN (0x4)
                0x0000000008003630                _sidata = LOADADDR (.data)

.data           0x0000000020000000       0x60 load address 0x0000000008003630
                0x0000000020000000                . = ALIGN (0x4)
                0x0000000020000000                _sdata = .
 *(.data)
 *(.data*)
 .data.SystemCoreClock
                0x0000000020000000        0x4 ./Drivers/CMSIS/system_stm32f4xx.o
                0x0000000020000000                SystemCoreClock
 .data.uwTickPrio
                0x0000000020000004        0x4 ./Drivers/STM32F4xx_HAL_Driver/stm32f4xx_hal.o
                0x0000000020000004                uwTickPrio
 .data.uwTickFreq
                0x0000000020000008        0x1 ./Drivers/STM32F4xx_HAL_Driver/stm32f4xx_hal.o
                0x0000000020000008                uwTickFreq
 *fill*         0x0000000020000009        0x3 
 .data.uxCriticalNesting
                0x000000002000000c        0x4 ./Middlewares/FreeRTOS/port.o
 .data._impure_data
                0x0000000020000010       0x4c E:/CUBEIDE/STM32CubeIDE_1.13.1/STM32CubeIDE/plugins/com.st.stm32cube.ide.mcu.externaltools.gnu-tools-for-stm32.11.3.rel1.win32_1.1.0.202305231506/tools/bin/../lib/gcc/arm-none-eabi/11.3.1/../../../../arm-none-eabi/lib/thumb/v7e-m+fp/hard\libc_nano.a(libc_a-impure.o)
                0x0000000020000010                _impure_data
 .data._impure_ptr
                0x000000002000005c        0x4 E:/CUBEIDE/STM32CubeIDE_1.13.1/STM32CubeIDE/plugins/com.st.stm32cube.ide.mcu.externaltools.gnu-tools-for-stm32.11.3.rel1.win32_1.1.0.202305231506/tools/bin/../lib/gcc/arm-none-eabi/11.3.1/../../../../arm-none-eabi/lib/thumb/v7e-m+fp/hard\libc_nano.a(libc_a-impure.o)
                0x000000002000005c                _impure_ptr
 *(.RamFunc)
 *(.RamFunc*)
                0x0000000020000060                . = ALIGN (0x4)
                0x0000000020000060                _edata = .
                0x0000000008003690                _siccmram = LOADADDR (.ccmram)

.igot.plt       0x0000000020000060        0x0 load address 0x0000000008003690
 .igot.plt      0x0000000020000060        0x0 E:/CUBEIDE/STM32CubeIDE_1.13.1/STM32CubeIDE/plugins/com.st.stm32cube.ide.mcu.externaltools.gnu-tools-for-stm32.11.3.rel1.win32_1.1.0.202305231506/tools/bin/../lib/gcc/arm-none-eabi/11.3.1/thumb/v7e-m+fp/hard/crtbegin.o

.ccmram         0x0000000010000000        0x0 load address 0x0000000008003690
                0x0000000010000000                . = ALIGN (0x4)
                0x0000000010000000                _sccmram = .
 *(.ccmram)
 *(.ccmram*)
                0x0000000010000000                . = ALIGN (0x4)
                0x0000000010000000                _eccmram = .
                0x0000000010000000                . = ALIGN (0x4)

.bss            0x0000000020000060     0x41ac
                0x0000000020000060                _sbss = .
                0x0000000020000060                __bss_start__ = _sbss
 *(.bss)
 .bss           0x0000000020000060       0x1c E:/CUBEIDE/STM32CubeIDE_1.13.1/STM32CubeIDE/plugins/com.st.stm32cube.ide.mcu.externaltools.gnu-tools-for-stm32.11.3.rel1.win32_1.1.0.202305231506/tools/bin/../lib/gcc/arm-none-eabi/11.3.1/thumb/v7e-m+fp/hard/crtbegin.o
 *(.bss*)
 .bss.xIdleTaskTCBBuffer
                0x000000002000007c       0xa0 ./Application/User/Core/freertos.o
 .bss.xIdleStack
                0x000000002000011c      0x200 ./Application/User/Core/freertos.o
 .bss.LED_TaskHandle
                0x000000002000031c        0x4 ./Application/User/Core/main.o
                0x000000002000031c                LED_TaskHandle
 .bss.LED_Task1Handle
                0x0000000020000320        0x4 ./Application/User/Core/main.o
                0x0000000020000320                LED_Task1Handle
 .bss.LED_Task2Handle
                0x0000000020000324        0x4 ./Application/User/Core/main.o
                0x0000000020000324                LED_Task2Handle
 .bss.LED_Task3Handle
                0x0000000020000328        0x4 ./Application/User/Core/main.o
                0x0000000020000328                LED_Task3Handle
 .bss.htim1     0x000000002000032c       0x48 ./Application/User/Core/stm32f4xx_hal_timebase_tim.o
                0x000000002000032c                htim1
 .bss.uwTick    0x0000000020000374        0x4 ./Drivers/STM32F4xx_HAL_Driver/stm32f4xx_hal.o
                0x0000000020000374                uwTick
 .bss.ucHeap    0x0000000020000378     0x3c00 ./Middlewares/FreeRTOS/heap_4.o
 .bss.xStart    0x0000000020003f78        0x8 ./Middlewares/FreeRTOS/heap_4.o
 .bss.pxEnd     0x0000000020003f80        0x4 ./Middlewares/FreeRTOS/heap_4.o
 .bss.xFreeBytesRemaining
                0x0000000020003f84        0x4 ./Middlewares/FreeRTOS/heap_4.o
 .bss.xMinimumEverFreeBytesRemaining
                0x0000000020003f88        0x4 ./Middlewares/FreeRTOS/heap_4.o
 .bss.xNumberOfSuccessfulAllocations
                0x0000000020003f8c        0x4 ./Middlewares/FreeRTOS/heap_4.o
 .bss.xNumberOfSuccessfulFrees
                0x0000000020003f90        0x4 ./Middlewares/FreeRTOS/heap_4.o
 .bss.xBlockAllocatedBit
                0x0000000020003f94        0x4 ./Middlewares/FreeRTOS/heap_4.o
 .bss.ucMaxSysCallPriority
                0x0000000020003f98        0x1 ./Middlewares/FreeRTOS/port.o
 *fill*         0x0000000020003f99        0x3 
 .bss.ulMaxPRIGROUPValue
                0x0000000020003f9c        0x4 ./Middlewares/FreeRTOS/port.o
 .bss.pxCurrentTCB
                0x0000000020003fa0        0x4 ./Middlewares/FreeRTOS/tasks.o
                0x0000000020003fa0                pxCurrentTCB
 .bss.pxReadyTasksLists
                0x0000000020003fa4       0x8c ./Middlewares/FreeRTOS/tasks.o
 .bss.xDelayedTaskList1
                0x0000000020004030       0x14 ./Middlewares/FreeRTOS/tasks.o
 .bss.xDelayedTaskList2
                0x0000000020004044       0x14 ./Middlewares/FreeRTOS/tasks.o
 .bss.pxDelayedTaskList
                0x0000000020004058        0x4 ./Middlewares/FreeRTOS/tasks.o
 .bss.pxOverflowDelayedTaskList
                0x000000002000405c        0x4 ./Middlewares/FreeRTOS/tasks.o
 .bss.xPendingReadyList
                0x0000000020004060       0x14 ./Middlewares/FreeRTOS/tasks.o
 .bss.xTasksWaitingTermination
                0x0000000020004074       0x14 ./Middlewares/FreeRTOS/tasks.o
 .bss.uxDeletedTasksWaitingCleanUp
                0x0000000020004088        0x4 ./Middlewares/FreeRTOS/tasks.o
 .bss.xSuspendedTaskList
                0x000000002000408c       0x14 ./Middlewares/FreeRTOS/tasks.o
 .bss.uxCurrentNumberOfTasks
                0x00000000200040a0        0x4 ./Middlewares/FreeRTOS/tasks.o
 .bss.xTickCount
                0x00000000200040a4        0x4 ./Middlewares/FreeRTOS/tasks.o
 .bss.uxTopReadyPriority
                0x00000000200040a8        0x4 ./Middlewares/FreeRTOS/tasks.o
 .bss.xSchedulerRunning
                0x00000000200040ac        0x4 ./Middlewares/FreeRTOS/tasks.o
 .bss.xPendedTicks
                0x00000000200040b0        0x4 ./Middlewares/FreeRTOS/tasks.o
 .bss.xYieldPending
                0x00000000200040b4        0x4 ./Middlewares/FreeRTOS/tasks.o
 .bss.xNumOfOverflows
                0x00000000200040b8        0x4 ./Middlewares/FreeRTOS/tasks.o
 .bss.uxTaskNumber
                0x00000000200040bc        0x4 ./Middlewares/FreeRTOS/tasks.o
 .bss.xNextTaskUnblockTime
                0x00000000200040c0        0x4 ./Middlewares/FreeRTOS/tasks.o
 .bss.xIdleTaskHandle
                0x00000000200040c4        0x4 ./Middlewares/FreeRTOS/tasks.o
 .bss.uxSchedulerSuspended
                0x00000000200040c8        0x4 ./Middlewares/FreeRTOS/tasks.o
 .bss.__sf      0x00000000200040cc      0x138 E:/CUBEIDE/STM32CubeIDE_1.13.1/STM32CubeIDE/plugins/com.st.stm32cube.ide.mcu.externaltools.gnu-tools-for-stm32.11.3.rel1.win32_1.1.0.202305231506/tools/bin/../lib/gcc/arm-none-eabi/11.3.1/../../../../arm-none-eabi/lib/thumb/v7e-m+fp/hard\libc_nano.a(libc_a-findfp.o)
                0x00000000200040cc                __sf
 .bss.__lock___malloc_recursive_mutex
                0x0000000020004204        0x1 E:/CUBEIDE/STM32CubeIDE_1.13.1/STM32CubeIDE/plugins/com.st.stm32cube.ide.mcu.externaltools.gnu-tools-for-stm32.11.3.rel1.win32_1.1.0.202305231506/tools/bin/../lib/gcc/arm-none-eabi/11.3.1/../../../../arm-none-eabi/lib/thumb/v7e-m+fp/hard\libc_nano.a(libc_a-lock.o)
                0x0000000020004204                __lock___malloc_recursive_mutex
 *fill*         0x0000000020004205        0x3 
 .bss.__malloc_free_list
                0x0000000020004208        0x4 E:/CUBEIDE/STM32CubeIDE_1.13.1/STM32CubeIDE/plugins/com.st.stm32cube.ide.mcu.externaltools.gnu-tools-for-stm32.11.3.rel1.win32_1.1.0.202305231506/tools/bin/../lib/gcc/arm-none-eabi/11.3.1/../../../../arm-none-eabi/lib/thumb/v7e-m+fp/hard\libc_nano.a(libc_a-mallocr.o)
                0x0000000020004208                __malloc_free_list
 *(COMMON)
                0x000000002000420c                . = ALIGN (0x4)
                0x000000002000420c                _ebss = .
                0x000000002000420c                __bss_end__ = _ebss

._user_heap_stack
                0x000000002000420c      0x604
                0x0000000020004210                . = ALIGN (0x8)
 *fill*         0x000000002000420c        0x4 
                [!provide]                        PROVIDE (end = .)
                0x0000000020004210                PROVIDE (_end = .)
                0x0000000020004410                . = (. + _Min_Heap_Size)
 *fill*         0x0000000020004210      0x200 
                0x0000000020004810                . = (. + _Min_Stack_Size)
 *fill*         0x0000000020004410      0x400 
                0x0000000020004810                . = ALIGN (0x8)

/DISCARD/
 libc.a(*)
 libm.a(*)
 libgcc.a(*)

.ARM.attributes
                0x0000000000000000       0x30
 *(.ARM.attributes)
 .ARM.attributes
                0x0000000000000000       0x1e E:/CUBEIDE/STM32CubeIDE_1.13.1/STM32CubeIDE/plugins/com.st.stm32cube.ide.mcu.externaltools.gnu-tools-for-stm32.11.3.rel1.win32_1.1.0.202305231506/tools/bin/../lib/gcc/arm-none-eabi/11.3.1/thumb/v7e-m+fp/hard/crti.o
 .ARM.attributes
                0x000000000000001e       0x34 E:/CUBEIDE/STM32CubeIDE_1.13.1/STM32CubeIDE/plugins/com.st.stm32cube.ide.mcu.externaltools.gnu-tools-for-stm32.11.3.rel1.win32_1.1.0.202305231506/tools/bin/../lib/gcc/arm-none-eabi/11.3.1/thumb/v7e-m+fp/hard/crtbegin.o
 .ARM.attributes
                0x0000000000000052       0x34 ./Application/User/Core/freertos.o
 .ARM.attributes
                0x0000000000000086       0x34 ./Application/User/Core/main.o
 .ARM.attributes
                0x00000000000000ba       0x34 ./Application/User/Core/stm32f4xx_hal_msp.o
 .ARM.attributes
                0x00000000000000ee       0x34 ./Application/User/Core/stm32f4xx_hal_timebase_tim.o
 .ARM.attributes
                0x0000000000000122       0x34 ./Application/User/Core/stm32f4xx_it.o
 .ARM.attributes
                0x0000000000000156       0x21 ./Application/User/Startup/startup_stm32f405rgtx.o
 .ARM.attributes
                0x0000000000000177       0x34 ./Drivers/CMSIS/system_stm32f4xx.o
 .ARM.attributes
                0x00000000000001ab       0x34 ./Drivers/STM32F4xx_HAL_Driver/stm32f4xx_hal.o
 .ARM.attributes
                0x00000000000001df       0x34 ./Drivers/STM32F4xx_HAL_Driver/stm32f4xx_hal_cortex.o
 .ARM.attributes
                0x0000000000000213       0x34 ./Drivers/STM32F4xx_HAL_Driver/stm32f4xx_hal_gpio.o
 .ARM.attributes
                0x0000000000000247       0x34 ./Drivers/STM32F4xx_HAL_Driver/stm32f4xx_hal_rcc.o
 .ARM.attributes
                0x000000000000027b       0x34 ./Drivers/STM32F4xx_HAL_Driver/stm32f4xx_hal_tim.o
 .ARM.attributes
                0x00000000000002af       0x34 ./Drivers/STM32F4xx_HAL_Driver/stm32f4xx_hal_tim_ex.o
 .ARM.attributes
                0x00000000000002e3       0x34 ./Middlewares/FreeRTOS/cmsis_os.o
 .ARM.attributes
                0x0000000000000317       0x34 ./Middlewares/FreeRTOS/heap_4.o
 .ARM.attributes
                0x000000000000034b       0x34 ./Middlewares/FreeRTOS/list.o
 .ARM.attributes
                0x000000000000037f       0x34 ./Middlewares/FreeRTOS/port.o
 .ARM.attributes
                0x00000000000003b3       0x34 ./Middlewares/FreeRTOS/tasks.o
 .ARM.attributes
                0x00000000000003e7       0x34 E:/CUBEIDE/STM32CubeIDE_1.13.1/STM32CubeIDE/plugins/com.st.stm32cube.ide.mcu.externaltools.gnu-tools-for-stm32.11.3.rel1.win32_1.1.0.202305231506/tools/bin/../lib/gcc/arm-none-eabi/11.3.1/../../../../arm-none-eabi/lib/thumb/v7e-m+fp/hard\libc_nano.a(libc_a-findfp.o)
 .ARM.attributes
                0x000000000000041b       0x34 E:/CUBEIDE/STM32CubeIDE_1.13.1/STM32CubeIDE/plugins/com.st.stm32cube.ide.mcu.externaltools.gnu-tools-for-stm32.11.3.rel1.win32_1.1.0.202305231506/tools/bin/../lib/gcc/arm-none-eabi/11.3.1/../../../../arm-none-eabi/lib/thumb/v7e-m+fp/hard\libc_nano.a(libc_a-memset.o)
 .ARM.attributes
                0x000000000000044f       0x34 E:/CUBEIDE/STM32CubeIDE_1.13.1/STM32CubeIDE/plugins/com.st.stm32cube.ide.mcu.externaltools.gnu-tools-for-stm32.11.3.rel1.win32_1.1.0.202305231506/tools/bin/../lib/gcc/arm-none-eabi/11.3.1/../../../../arm-none-eabi/lib/thumb/v7e-m+fp/hard\libc_nano.a(libc_a-reent.o)
 .ARM.attributes
                0x0000000000000483       0x34 E:/CUBEIDE/STM32CubeIDE_1.13.1/STM32CubeIDE/plugins/com.st.stm32cube.ide.mcu.externaltools.gnu-tools-for-stm32.11.3.rel1.win32_1.1.0.202305231506/tools/bin/../lib/gcc/arm-none-eabi/11.3.1/../../../../arm-none-eabi/lib/thumb/v7e-m+fp/hard\libc_nano.a(libc_a-impure.o)
 .ARM.attributes
                0x00000000000004b7       0x34 E:/CUBEIDE/STM32CubeIDE_1.13.1/STM32CubeIDE/plugins/com.st.stm32cube.ide.mcu.externaltools.gnu-tools-for-stm32.11.3.rel1.win32_1.1.0.202305231506/tools/bin/../lib/gcc/arm-none-eabi/11.3.1/../../../../arm-none-eabi/lib/thumb/v7e-m+fp/hard\libc_nano.a(libc_a-init.o)
 .ARM.attributes
                0x00000000000004eb       0x34 E:/CUBEIDE/STM32CubeIDE_1.13.1/STM32CubeIDE/plugins/com.st.stm32cube.ide.mcu.externaltools.gnu-tools-for-stm32.11.3.rel1.win32_1.1.0.202305231506/tools/bin/../lib/gcc/arm-none-eabi/11.3.1/../../../../arm-none-eabi/lib/thumb/v7e-m+fp/hard\libc_nano.a(libc_a-lock.o)
 .ARM.attributes
                0x000000000000051f       0x34 E:/CUBEIDE/STM32CubeIDE_1.13.1/STM32CubeIDE/plugins/com.st.stm32cube.ide.mcu.externaltools.gnu-tools-for-stm32.11.3.rel1.win32_1.1.0.202305231506/tools/bin/../lib/gcc/arm-none-eabi/11.3.1/../../../../arm-none-eabi/lib/thumb/v7e-m+fp/hard\libc_nano.a(libc_a-freer.o)
 .ARM.attributes
                0x0000000000000553       0x34 E:/CUBEIDE/STM32CubeIDE_1.13.1/STM32CubeIDE/plugins/com.st.stm32cube.ide.mcu.externaltools.gnu-tools-for-stm32.11.3.rel1.win32_1.1.0.202305231506/tools/bin/../lib/gcc/arm-none-eabi/11.3.1/../../../../arm-none-eabi/lib/thumb/v7e-m+fp/hard\libc_nano.a(libc_a-mallocr.o)
 .ARM.attributes
                0x0000000000000587       0x34 E:/CUBEIDE/STM32CubeIDE_1.13.1/STM32CubeIDE/plugins/com.st.stm32cube.ide.mcu.externaltools.gnu-tools-for-stm32.11.3.rel1.win32_1.1.0.202305231506/tools/bin/../lib/gcc/arm-none-eabi/11.3.1/../../../../arm-none-eabi/lib/thumb/v7e-m+fp/hard\libc_nano.a(libc_a-mlock.o)
 .ARM.attributes
                0x00000000000005bb       0x1e E:/CUBEIDE/STM32CubeIDE_1.13.1/STM32CubeIDE/plugins/com.st.stm32cube.ide.mcu.externaltools.gnu-tools-for-stm32.11.3.rel1.win32_1.1.0.202305231506/tools/bin/../lib/gcc/arm-none-eabi/11.3.1/thumb/v7e-m+fp/hard\libgcc.a(_aeabi_uldivmod.o)
 .ARM.attributes
                0x00000000000005d9       0x34 E:/CUBEIDE/STM32CubeIDE_1.13.1/STM32CubeIDE/plugins/com.st.stm32cube.ide.mcu.externaltools.gnu-tools-for-stm32.11.3.rel1.win32_1.1.0.202305231506/tools/bin/../lib/gcc/arm-none-eabi/11.3.1/thumb/v7e-m+fp/hard\libgcc.a(_udivmoddi4.o)
 .ARM.attributes
                0x000000000000060d       0x1e E:/CUBEIDE/STM32CubeIDE_1.13.1/STM32CubeIDE/plugins/com.st.stm32cube.ide.mcu.externaltools.gnu-tools-for-stm32.11.3.rel1.win32_1.1.0.202305231506/tools/bin/../lib/gcc/arm-none-eabi/11.3.1/thumb/v7e-m+fp/hard\libgcc.a(_dvmd_tls.o)
 .ARM.attributes
                0x000000000000062b       0x1e E:/CUBEIDE/STM32CubeIDE_1.13.1/STM32CubeIDE/plugins/com.st.stm32cube.ide.mcu.externaltools.gnu-tools-for-stm32.11.3.rel1.win32_1.1.0.202305231506/tools/bin/../lib/gcc/arm-none-eabi/11.3.1/thumb/v7e-m+fp/hard/crtn.o
OUTPUT(LED_RTOS.elf elf32-littlearm)
LOAD linker stubs
LOAD E:/CUBEIDE/STM32CubeIDE_1.13.1/STM32CubeIDE/plugins/com.st.stm32cube.ide.mcu.externaltools.gnu-tools-for-stm32.11.3.rel1.win32_1.1.0.202305231506/tools/bin/../lib/gcc/arm-none-eabi/11.3.1/../../../../arm-none-eabi/lib/thumb/v7e-m+fp/hard\libc.a
LOAD E:/CUBEIDE/STM32CubeIDE_1.13.1/STM32CubeIDE/plugins/com.st.stm32cube.ide.mcu.externaltools.gnu-tools-for-stm32.11.3.rel1.win32_1.1.0.202305231506/tools/bin/../lib/gcc/arm-none-eabi/11.3.1/../../../../arm-none-eabi/lib/thumb/v7e-m+fp/hard\libm.a
LOAD E:/CUBEIDE/STM32CubeIDE_1.13.1/STM32CubeIDE/plugins/com.st.stm32cube.ide.mcu.externaltools.gnu-tools-for-stm32.11.3.rel1.win32_1.1.0.202305231506/tools/bin/../lib/gcc/arm-none-eabi/11.3.1/thumb/v7e-m+fp/hard\libgcc.a

.comment        0x0000000000000000       0x43
 .comment       0x0000000000000000       0x43 E:/CUBEIDE/STM32CubeIDE_1.13.1/STM32CubeIDE/plugins/com.st.stm32cube.ide.mcu.externaltools.gnu-tools-for-stm32.11.3.rel1.win32_1.1.0.202305231506/tools/bin/../lib/gcc/arm-none-eabi/11.3.1/thumb/v7e-m+fp/hard/crtbegin.o
                                         0x44 (size before relaxing)
 .comment       0x0000000000000043       0x44 ./Application/User/Core/freertos.o
 .comment       0x0000000000000043       0x44 ./Application/User/Core/main.o
 .comment       0x0000000000000043       0x44 ./Application/User/Core/stm32f4xx_hal_msp.o
 .comment       0x0000000000000043       0x44 ./Application/User/Core/stm32f4xx_hal_timebase_tim.o
 .comment       0x0000000000000043       0x44 ./Application/User/Core/stm32f4xx_it.o
 .comment       0x0000000000000043       0x44 ./Drivers/CMSIS/system_stm32f4xx.o
 .comment       0x0000000000000043       0x44 ./Drivers/STM32F4xx_HAL_Driver/stm32f4xx_hal.o
 .comment       0x0000000000000043       0x44 ./Drivers/STM32F4xx_HAL_Driver/stm32f4xx_hal_cortex.o
 .comment       0x0000000000000043       0x44 ./Drivers/STM32F4xx_HAL_Driver/stm32f4xx_hal_gpio.o
 .comment       0x0000000000000043       0x44 ./Drivers/STM32F4xx_HAL_Driver/stm32f4xx_hal_rcc.o
 .comment       0x0000000000000043       0x44 ./Drivers/STM32F4xx_HAL_Driver/stm32f4xx_hal_tim.o
 .comment       0x0000000000000043       0x44 ./Drivers/STM32F4xx_HAL_Driver/stm32f4xx_hal_tim_ex.o
 .comment       0x0000000000000043       0x44 ./Middlewares/FreeRTOS/cmsis_os.o
 .comment       0x0000000000000043       0x44 ./Middlewares/FreeRTOS/heap_4.o
 .comment       0x0000000000000043       0x44 ./Middlewares/FreeRTOS/list.o
 .comment       0x0000000000000043       0x44 ./Middlewares/FreeRTOS/port.o
 .comment       0x0000000000000043       0x44 ./Middlewares/FreeRTOS/tasks.o

.debug_info     0x0000000000000000     0xf2c6
 .debug_info    0x0000000000000000      0x918 ./Application/User/Core/freertos.o
 .debug_info    0x0000000000000918     0x17a7 ./Application/User/Core/main.o
 .debug_info    0x00000000000020bf      0x4a5 ./Application/User/Core/stm32f4xx_hal_msp.o
 .debug_info    0x0000000000002564      0xbce ./Application/User/Core/stm32f4xx_hal_timebase_tim.o
 .debug_info    0x0000000000003132      0x6ab ./Application/User/Core/stm32f4xx_it.o
 .debug_info    0x00000000000037dd       0x23 ./Application/User/Startup/startup_stm32f405rgtx.o
 .debug_info    0x0000000000003800      0x512 ./Drivers/CMSIS/system_stm32f4xx.o
 .debug_info    0x0000000000003d12      0x936 ./Drivers/STM32F4xx_HAL_Driver/stm32f4xx_hal.o
 .debug_info    0x0000000000004648      0xd34 ./Drivers/STM32F4xx_HAL_Driver/stm32f4xx_hal_cortex.o
 .debug_info    0x000000000000537c      0x6c3 ./Drivers/STM32F4xx_HAL_Driver/stm32f4xx_hal_gpio.o
 .debug_info    0x0000000000005a3f      0x8b1 ./Drivers/STM32F4xx_HAL_Driver/stm32f4xx_hal_rcc.o
 .debug_info    0x00000000000062f0     0x2948 ./Drivers/STM32F4xx_HAL_Driver/stm32f4xx_hal_tim.o
 .debug_info    0x0000000000008c38     0x14ae ./Drivers/STM32F4xx_HAL_Driver/stm32f4xx_hal_tim_ex.o
 .debug_info    0x000000000000a0e6     0x21e1 ./Middlewares/FreeRTOS/cmsis_os.o
 .debug_info    0x000000000000c2c7      0x4d5 ./Middlewares/FreeRTOS/heap_4.o
 .debug_info    0x000000000000c79c      0x2af ./Middlewares/FreeRTOS/list.o
 .debug_info    0x000000000000ca4b      0x4de ./Middlewares/FreeRTOS/port.o
 .debug_info    0x000000000000cf29     0x239d ./Middlewares/FreeRTOS/tasks.o

.debug_abbrev   0x0000000000000000     0x262d
 .debug_abbrev  0x0000000000000000      0x16f ./Application/User/Core/freertos.o
 .debug_abbrev  0x000000000000016f      0x303 ./Application/User/Core/main.o
 .debug_abbrev  0x0000000000000472      0x119 ./Application/User/Core/stm32f4xx_hal_msp.o
 .debug_abbrev  0x000000000000058b      0x1f4 ./Application/User/Core/stm32f4xx_hal_timebase_tim.o
 .debug_abbrev  0x000000000000077f      0x17d ./Application/User/Core/stm32f4xx_it.o
 .debug_abbrev  0x00000000000008fc       0x12 ./Application/User/Startup/startup_stm32f405rgtx.o
 .debug_abbrev  0x000000000000090e      0x11a ./Drivers/CMSIS/system_stm32f4xx.o
 .debug_abbrev  0x0000000000000a28      0x213 ./Drivers/STM32F4xx_HAL_Driver/stm32f4xx_hal.o
 .debug_abbrev  0x0000000000000c3b      0x327 ./Drivers/STM32F4xx_HAL_Driver/stm32f4xx_hal_cortex.o
 .debug_abbrev  0x0000000000000f62      0x1d4 ./Drivers/STM32F4xx_HAL_Driver/stm32f4xx_hal_gpio.o
 .debug_abbrev  0x0000000000001136      0x2b6 ./Drivers/STM32F4xx_HAL_Driver/stm32f4xx_hal_rcc.o
 .debug_abbrev  0x00000000000013ec      0x271 ./Drivers/STM32F4xx_HAL_Driver/stm32f4xx_hal_tim.o
 .debug_abbrev  0x000000000000165d      0x27c ./Drivers/STM32F4xx_HAL_Driver/stm32f4xx_hal_tim_ex.o
 .debug_abbrev  0x00000000000018d9      0x416 ./Middlewares/FreeRTOS/cmsis_os.o
 .debug_abbrev  0x0000000000001cef      0x21d ./Middlewares/FreeRTOS/heap_4.o
 .debug_abbrev  0x0000000000001f0c       0xf5 ./Middlewares/FreeRTOS/list.o
 .debug_abbrev  0x0000000000002001      0x25c ./Middlewares/FreeRTOS/port.o
 .debug_abbrev  0x000000000000225d      0x3d0 ./Middlewares/FreeRTOS/tasks.o

.debug_aranges  0x0000000000000000      0xe38
 .debug_aranges
                0x0000000000000000       0x20 ./Application/User/Core/freertos.o
 .debug_aranges
                0x0000000000000020       0x60 ./Application/User/Core/main.o
 .debug_aranges
                0x0000000000000080       0x20 ./Application/User/Core/stm32f4xx_hal_msp.o
 .debug_aranges
                0x00000000000000a0       0x30 ./Application/User/Core/stm32f4xx_hal_timebase_tim.o
 .debug_aranges
                0x00000000000000d0       0x50 ./Application/User/Core/stm32f4xx_it.o
 .debug_aranges
                0x0000000000000120       0x28 ./Application/User/Startup/startup_stm32f405rgtx.o
 .debug_aranges
                0x0000000000000148       0x28 ./Drivers/CMSIS/system_stm32f4xx.o
 .debug_aranges
                0x0000000000000170       0xf0 ./Drivers/STM32F4xx_HAL_Driver/stm32f4xx_hal.o
 .debug_aranges
                0x0000000000000260      0x118 ./Drivers/STM32F4xx_HAL_Driver/stm32f4xx_hal_cortex.o
 .debug_aranges
                0x0000000000000378       0x58 ./Drivers/STM32F4xx_HAL_Driver/stm32f4xx_hal_gpio.o
 .debug_aranges
                0x00000000000003d0       0x88 ./Drivers/STM32F4xx_HAL_Driver/stm32f4xx_hal_rcc.o
 .debug_aranges
                0x0000000000000458      0x3d0 ./Drivers/STM32F4xx_HAL_Driver/stm32f4xx_hal_tim.o
 .debug_aranges
                0x0000000000000828      0x168 ./Drivers/STM32F4xx_HAL_Driver/stm32f4xx_hal_tim_ex.o
 .debug_aranges
                0x0000000000000990      0x1d8 ./Middlewares/FreeRTOS/cmsis_os.o
 .debug_aranges
                0x0000000000000b68       0x58 ./Middlewares/FreeRTOS/heap_4.o
 .debug_aranges
                0x0000000000000bc0       0x40 ./Middlewares/FreeRTOS/list.o
 .debug_aranges
                0x0000000000000c00       0x80 ./Middlewares/FreeRTOS/port.o
 .debug_aranges
                0x0000000000000c80      0x1b8 ./Middlewares/FreeRTOS/tasks.o

.debug_rnglists
                0x0000000000000000      0xaea
 .debug_rnglists
                0x0000000000000000       0x13 ./Application/User/Core/freertos.o
 .debug_rnglists
                0x0000000000000013       0x46 ./Application/User/Core/main.o
 .debug_rnglists
                0x0000000000000059       0x13 ./Application/User/Core/stm32f4xx_hal_msp.o
 .debug_rnglists
                0x000000000000006c       0x20 ./Application/User/Core/stm32f4xx_hal_timebase_tim.o
 .debug_rnglists
                0x000000000000008c       0x37 ./Application/User/Core/stm32f4xx_it.o
 .debug_rnglists
                0x00000000000000c3       0x19 ./Application/User/Startup/startup_stm32f405rgtx.o
 .debug_rnglists
                0x00000000000000dc       0x1a ./Drivers/CMSIS/system_stm32f4xx.o
 .debug_rnglists
                0x00000000000000f6       0xaf ./Drivers/STM32F4xx_HAL_Driver/stm32f4xx_hal.o
 .debug_rnglists
                0x00000000000001a5       0xce ./Drivers/STM32F4xx_HAL_Driver/stm32f4xx_hal_cortex.o
 .debug_rnglists
                0x0000000000000273       0x3f ./Drivers/STM32F4xx_HAL_Driver/stm32f4xx_hal_gpio.o
 .debug_rnglists
                0x00000000000002b2       0x66 ./Drivers/STM32F4xx_HAL_Driver/stm32f4xx_hal_rcc.o
 .debug_rnglists
                0x0000000000000318      0x31a ./Drivers/STM32F4xx_HAL_Driver/stm32f4xx_hal_tim.o
 .debug_rnglists
                0x0000000000000632      0x125 ./Drivers/STM32F4xx_HAL_Driver/stm32f4xx_hal_tim_ex.o
 .debug_rnglists
                0x0000000000000757      0x16a ./Middlewares/FreeRTOS/cmsis_os.o
 .debug_rnglists
                0x00000000000008c1       0x42 ./Middlewares/FreeRTOS/heap_4.o
 .debug_rnglists
                0x0000000000000903       0x2b ./Middlewares/FreeRTOS/list.o
 .debug_rnglists
                0x000000000000092e       0x5d ./Middlewares/FreeRTOS/port.o
 .debug_rnglists
                0x000000000000098b      0x15f ./Middlewares/FreeRTOS/tasks.o

.debug_macro    0x0000000000000000    0x200df
 .debug_macro   0x0000000000000000      0x2d3 ./Application/User/Core/freertos.o
 .debug_macro   0x00000000000002d3      0xaa8 ./Application/User/Core/freertos.o
 .debug_macro   0x0000000000000d7b      0x174 ./Application/User/Core/freertos.o
 .debug_macro   0x0000000000000eef       0x22 ./Application/User/Core/freertos.o
 .debug_macro   0x0000000000000f11       0x8e ./Application/User/Core/freertos.o
 .debug_macro   0x0000000000000f9f       0x51 ./Application/User/Core/freertos.o
 .debug_macro   0x0000000000000ff0      0x103 ./Application/User/Core/freertos.o
 .debug_macro   0x00000000000010f3       0x6a ./Application/User/Core/freertos.o
 .debug_macro   0x000000000000115d      0x1df ./Application/User/Core/freertos.o
 .debug_macro   0x000000000000133c       0xf1 ./Application/User/Core/freertos.o
 .debug_macro   0x000000000000142d      0x15a ./Application/User/Core/freertos.o
 .debug_macro   0x0000000000001587       0xde ./Application/User/Core/freertos.o
 .debug_macro   0x0000000000001665       0x1c ./Application/User/Core/freertos.o
 .debug_macro   0x0000000000001681       0x26 ./Application/User/Core/freertos.o
 .debug_macro   0x00000000000016a7       0x61 ./Application/User/Core/freertos.o
 .debug_macro   0x0000000000001708       0x2a ./Application/User/Core/freertos.o
 .debug_macro   0x0000000000001732       0x43 ./Application/User/Core/freertos.o
 .debug_macro   0x0000000000001775       0x34 ./Application/User/Core/freertos.o
 .debug_macro   0x00000000000017a9       0x16 ./Application/User/Core/freertos.o
 .debug_macro   0x00000000000017bf       0x43 ./Application/User/Core/freertos.o
 .debug_macro   0x0000000000001802       0x34 ./Application/User/Core/freertos.o
 .debug_macro   0x0000000000001836       0x10 ./Application/User/Core/freertos.o
 .debug_macro   0x0000000000001846       0x58 ./Application/User/Core/freertos.o
 .debug_macro   0x000000000000189e       0x8e ./Application/User/Core/freertos.o
 .debug_macro   0x000000000000192c       0x1c ./Application/User/Core/freertos.o
 .debug_macro   0x0000000000001948      0x177 ./Application/User/Core/freertos.o
 .debug_macro   0x0000000000001abf       0x10 ./Application/User/Core/freertos.o
 .debug_macro   0x0000000000001acf       0x35 ./Application/User/Core/freertos.o
 .debug_macro   0x0000000000001b04      0x4fe ./Application/User/Core/freertos.o
 .debug_macro   0x0000000000002002       0xb5 ./Application/User/Core/freertos.o
 .debug_macro   0x00000000000020b7       0xaa ./Application/User/Core/freertos.o
 .debug_macro   0x0000000000002161      0x295 ./Application/User/Core/freertos.o
 .debug_macro   0x00000000000023f6       0x2e ./Application/User/Core/freertos.o
 .debug_macro   0x0000000000002424       0x2f ./Application/User/Core/freertos.o
 .debug_macro   0x0000000000002453       0x1c ./Application/User/Core/freertos.o
 .debug_macro   0x000000000000246f       0x22 ./Application/User/Core/freertos.o
 .debug_macro   0x0000000000002491       0xd9 ./Application/User/Core/freertos.o
 .debug_macro   0x000000000000256a     0x102d ./Application/User/Core/freertos.o
 .debug_macro   0x0000000000003597      0x11f ./Application/User/Core/freertos.o
 .debug_macro   0x00000000000036b6    0x1426d ./Application/User/Core/freertos.o
 .debug_macro   0x0000000000017923       0x6d ./Application/User/Core/freertos.o
 .debug_macro   0x0000000000017990     0x367e ./Application/User/Core/freertos.o
 .debug_macro   0x000000000001b00e       0x5c ./Application/User/Core/freertos.o
 .debug_macro   0x000000000001b06a      0x8a7 ./Application/User/Core/freertos.o
 .debug_macro   0x000000000001b911      0x9fe ./Application/User/Core/freertos.o
 .debug_macro   0x000000000001c30f      0x115 ./Application/User/Core/freertos.o
 .debug_macro   0x000000000001c424      0x130 ./Application/User/Core/freertos.o
 .debug_macro   0x000000000001c554       0xa5 ./Application/User/Core/freertos.o
 .debug_macro   0x000000000001c5f9      0x174 ./Application/User/Core/freertos.o
 .debug_macro   0x000000000001c76d      0x287 ./Application/User/Core/freertos.o
 .debug_macro   0x000000000001c9f4       0x5f ./Application/User/Core/freertos.o
 .debug_macro   0x000000000001ca53      0x236 ./Application/User/Core/freertos.o
 .debug_macro   0x000000000001cc89      0x12c ./Application/User/Core/freertos.o
 .debug_macro   0x000000000001cdb5      0x21e ./Application/User/Core/freertos.o
 .debug_macro   0x000000000001cfd3       0x2e ./Application/User/Core/freertos.o
 .debug_macro   0x000000000001d001      0x11a ./Application/User/Core/freertos.o
 .debug_macro   0x000000000001d11b       0x7e ./Application/User/Core/freertos.o
 .debug_macro   0x000000000001d199       0x89 ./Application/User/Core/freertos.o
 .debug_macro   0x000000000001d222      0x8e6 ./Application/User/Core/freertos.o
 .debug_macro   0x000000000001db08       0x47 ./Application/User/Core/freertos.o
 .debug_macro   0x000000000001db4f      0x12d ./Application/User/Core/freertos.o
 .debug_macro   0x000000000001dc7c      0x336 ./Application/User/Core/main.o
 .debug_macro   0x000000000001dfb2       0xf1 ./Application/User/Core/main.o
 .debug_macro   0x000000000001e0a3       0x91 ./Application/User/Core/main.o
 .debug_macro   0x000000000001e134       0x8d ./Application/User/Core/main.o
 .debug_macro   0x000000000001e1c1       0x7e ./Application/User/Core/main.o
 .debug_macro   0x000000000001e23f       0x19 ./Application/User/Core/main.o
 .debug_macro   0x000000000001e258       0xf2 ./Application/User/Core/main.o
 .debug_macro   0x000000000001e34a      0x1ce ./Application/User/Core/stm32f4xx_hal_msp.o
 .debug_macro   0x000000000001e518      0x1c4 ./Application/User/Core/stm32f4xx_hal_timebase_tim.o
 .debug_macro   0x000000000001e6dc      0x1d8 ./Application/User/Core/stm32f4xx_it.o
 .debug_macro   0x000000000001e8b4      0x1c4 ./Drivers/CMSIS/system_stm32f4xx.o
 .debug_macro   0x000000000001ea78      0x224 ./Drivers/STM32F4xx_HAL_Driver/stm32f4xx_hal.o
 .debug_macro   0x000000000001ec9c      0x1c4 ./Drivers/STM32F4xx_HAL_Driver/stm32f4xx_hal_cortex.o
 .debug_macro   0x000000000001ee60      0x1ca ./Drivers/STM32F4xx_HAL_Driver/stm32f4xx_hal_gpio.o
 .debug_macro   0x000000000001f02a      0x1e8 ./Drivers/STM32F4xx_HAL_Driver/stm32f4xx_hal_rcc.o
 .debug_macro   0x000000000001f212      0x1c5 ./Drivers/STM32F4xx_HAL_Driver/stm32f4xx_hal_tim.o
 .debug_macro   0x000000000001f3d7      0x1c4 ./Drivers/STM32F4xx_HAL_Driver/stm32f4xx_hal_tim_ex.o
 .debug_macro   0x000000000001f59b      0x210 ./Middlewares/FreeRTOS/cmsis_os.o
 .debug_macro   0x000000000001f7ab       0x10 ./Middlewares/FreeRTOS/cmsis_os.o
 .debug_macro   0x000000000001f7bb       0x20 ./Middlewares/FreeRTOS/cmsis_os.o
 .debug_macro   0x000000000001f7db       0x16 ./Middlewares/FreeRTOS/cmsis_os.o
 .debug_macro   0x000000000001f7f1       0xc7 ./Middlewares/FreeRTOS/cmsis_os.o
 .debug_macro   0x000000000001f8b8      0x1c0 ./Middlewares/FreeRTOS/heap_4.o
 .debug_macro   0x000000000001fa78      0x199 ./Middlewares/FreeRTOS/list.o
 .debug_macro   0x000000000001fc11      0x233 ./Middlewares/FreeRTOS/port.o
 .debug_macro   0x000000000001fe44      0x28b ./Middlewares/FreeRTOS/tasks.o
 .debug_macro   0x00000000000200cf       0x10 ./Middlewares/FreeRTOS/tasks.o

.debug_line     0x0000000000000000     0xffa9
 .debug_line    0x0000000000000000      0x9a3 ./Application/User/Core/freertos.o
 .debug_line    0x00000000000009a3      0xb96 ./Application/User/Core/main.o
 .debug_line    0x0000000000001539      0x76c ./Application/User/Core/stm32f4xx_hal_msp.o
 .debug_line    0x0000000000001ca5      0x7db ./Application/User/Core/stm32f4xx_hal_timebase_tim.o
 .debug_line    0x0000000000002480      0x807 ./Application/User/Core/stm32f4xx_it.o
 .debug_line    0x0000000000002c87       0x7a ./Application/User/Startup/startup_stm32f405rgtx.o
 .debug_line    0x0000000000002d01      0x7ec ./Drivers/CMSIS/system_stm32f4xx.o
 .debug_line    0x00000000000034ed      0xa52 ./Drivers/STM32F4xx_HAL_Driver/stm32f4xx_hal.o
 .debug_line    0x0000000000003f3f      0xd01 ./Drivers/STM32F4xx_HAL_Driver/stm32f4xx_hal_cortex.o
 .debug_line    0x0000000000004c40      0xbc6 ./Drivers/STM32F4xx_HAL_Driver/stm32f4xx_hal_gpio.o
 .debug_line    0x0000000000005806      0xdcb ./Drivers/STM32F4xx_HAL_Driver/stm32f4xx_hal_rcc.o
 .debug_line    0x00000000000065d1     0x373e ./Drivers/STM32F4xx_HAL_Driver/stm32f4xx_hal_tim.o
 .debug_line    0x0000000000009d0f     0x1a4f ./Drivers/STM32F4xx_HAL_Driver/stm32f4xx_hal_tim_ex.o
 .debug_line    0x000000000000b75e     0x12a5 ./Middlewares/FreeRTOS/cmsis_os.o
 .debug_line    0x000000000000ca03      0x9f9 ./Middlewares/FreeRTOS/heap_4.o
 .debug_line    0x000000000000d3fc      0x7d2 ./Middlewares/FreeRTOS/list.o
 .debug_line    0x000000000000dbce      0x9d3 ./Middlewares/FreeRTOS/port.o
 .debug_line    0x000000000000e5a1     0x1a08 ./Middlewares/FreeRTOS/tasks.o

.debug_str      0x0000000000000000    0xc5c84
 .debug_str     0x0000000000000000    0xbc7cb ./Application/User/Core/freertos.o
                                      0xbcab8 (size before relaxing)
 .debug_str     0x00000000000bc7cb     0x2d57 ./Application/User/Core/main.o
                                      0xbf817 (size before relaxing)
 .debug_str     0x00000000000bf522      0x514 ./Application/User/Core/stm32f4xx_hal_msp.o
                                      0xb72e3 (size before relaxing)
 .debug_str     0x00000000000bfa36      0x123 ./Application/User/Core/stm32f4xx_hal_timebase_tim.o
                                      0xb796d (size before relaxing)
 .debug_str     0x00000000000bfb59       0xd7 ./Application/User/Core/stm32f4xx_it.o
                                      0xb72ad (size before relaxing)
 .debug_str     0x00000000000bfc30       0x40 ./Application/User/Startup/startup_stm32f405rgtx.o
                                         0x6f (size before relaxing)
 .debug_str     0x00000000000bfc70       0xf4 ./Drivers/CMSIS/system_stm32f4xx.o
                                      0xb6ea7 (size before relaxing)
 .debug_str     0x00000000000bfd64      0x5ec ./Drivers/STM32F4xx_HAL_Driver/stm32f4xx_hal.o
                                      0xb7a0a (size before relaxing)
 .debug_str     0x00000000000c0350      0x34a ./Drivers/STM32F4xx_HAL_Driver/stm32f4xx_hal_cortex.o
                                      0xb773d (size before relaxing)
 .debug_str     0x00000000000c069a      0x137 ./Drivers/STM32F4xx_HAL_Driver/stm32f4xx_hal_gpio.o
                                      0xb7022 (size before relaxing)
 .debug_str     0x00000000000c07d1      0x216 ./Drivers/STM32F4xx_HAL_Driver/stm32f4xx_hal_rcc.o
                                      0xb72db (size before relaxing)
 .debug_str     0x00000000000c09e7      0xe82 ./Drivers/STM32F4xx_HAL_Driver/stm32f4xx_hal_tim.o
                                      0xb8221 (size before relaxing)
 .debug_str     0x00000000000c1869      0x51c ./Drivers/STM32F4xx_HAL_Driver/stm32f4xx_hal_tim_ex.o
                                      0xb7a3d (size before relaxing)
 .debug_str     0x00000000000c1d85     0x2099 ./Middlewares/FreeRTOS/cmsis_os.o
                                       0xead5 (size before relaxing)
 .debug_str     0x00000000000c3e1e      0x48e ./Middlewares/FreeRTOS/heap_4.o
                                       0xb3fb (size before relaxing)
 .debug_str     0x00000000000c42ac      0x13b ./Middlewares/FreeRTOS/list.o
                                       0xaab9 (size before relaxing)
 .debug_str     0x00000000000c43e7      0x837 ./Middlewares/FreeRTOS/port.o
                                       0xa26d (size before relaxing)
 .debug_str     0x00000000000c4c1e     0x1066 ./Middlewares/FreeRTOS/tasks.o
                                       0xd173 (size before relaxing)

.debug_frame    0x0000000000000000     0x3d38
 .debug_frame   0x0000000000000000       0x38 ./Application/User/Core/freertos.o
 .debug_frame   0x0000000000000038      0x138 ./Application/User/Core/main.o
 .debug_frame   0x0000000000000170       0x34 ./Application/User/Core/stm32f4xx_hal_msp.o
 .debug_frame   0x00000000000001a4       0x74 ./Application/User/Core/stm32f4xx_hal_timebase_tim.o
 .debug_frame   0x0000000000000218       0xc4 ./Application/User/Core/stm32f4xx_it.o
 .debug_frame   0x00000000000002dc       0x58 ./Drivers/CMSIS/system_stm32f4xx.o
 .debug_frame   0x0000000000000334      0x374 ./Drivers/STM32F4xx_HAL_Driver/stm32f4xx_hal.o
 .debug_frame   0x00000000000006a8      0x498 ./Drivers/STM32F4xx_HAL_Driver/stm32f4xx_hal_cortex.o
 .debug_frame   0x0000000000000b40      0x14c ./Drivers/STM32F4xx_HAL_Driver/stm32f4xx_hal_gpio.o
 .debug_frame   0x0000000000000c8c      0x1f4 ./Drivers/STM32F4xx_HAL_Driver/stm32f4xx_hal_rcc.o
 .debug_frame   0x0000000000000e80     0x11c4 ./Drivers/STM32F4xx_HAL_Driver/stm32f4xx_hal_tim.o
 .debug_frame   0x0000000000002044      0x638 ./Drivers/STM32F4xx_HAL_Driver/stm32f4xx_hal_tim_ex.o
 .debug_frame   0x000000000000267c      0x80c ./Middlewares/FreeRTOS/cmsis_os.o
 .debug_frame   0x0000000000002e88      0x12c ./Middlewares/FreeRTOS/heap_4.o
 .debug_frame   0x0000000000002fb4       0xd8 ./Middlewares/FreeRTOS/list.o
 .debug_frame   0x000000000000308c      0x1a8 ./Middlewares/FreeRTOS/port.o
 .debug_frame   0x0000000000003234      0x77c ./Middlewares/FreeRTOS/tasks.o
 .debug_frame   0x00000000000039b0      0x13c E:/CUBEIDE/STM32CubeIDE_1.13.1/STM32CubeIDE/plugins/com.st.stm32cube.ide.mcu.externaltools.gnu-tools-for-stm32.11.3.rel1.win32_1.1.0.202305231506/tools/bin/../lib/gcc/arm-none-eabi/11.3.1/../../../../arm-none-eabi/lib/thumb/v7e-m+fp/hard\libc_nano.a(libc_a-findfp.o)
 .debug_frame   0x0000000000003aec       0x20 E:/CUBEIDE/STM32CubeIDE_1.13.1/STM32CubeIDE/plugins/com.st.stm32cube.ide.mcu.externaltools.gnu-tools-for-stm32.11.3.rel1.win32_1.1.0.202305231506/tools/bin/../lib/gcc/arm-none-eabi/11.3.1/../../../../arm-none-eabi/lib/thumb/v7e-m+fp/hard\libc_nano.a(libc_a-memset.o)
 .debug_frame   0x0000000000003b0c       0x38 E:/CUBEIDE/STM32CubeIDE_1.13.1/STM32CubeIDE/plugins/com.st.stm32cube.ide.mcu.externaltools.gnu-tools-for-stm32.11.3.rel1.win32_1.1.0.202305231506/tools/bin/../lib/gcc/arm-none-eabi/11.3.1/../../../../arm-none-eabi/lib/thumb/v7e-m+fp/hard\libc_nano.a(libc_a-reent.o)
 .debug_frame   0x0000000000003b44       0x2c E:/CUBEIDE/STM32CubeIDE_1.13.1/STM32CubeIDE/plugins/com.st.stm32cube.ide.mcu.externaltools.gnu-tools-for-stm32.11.3.rel1.win32_1.1.0.202305231506/tools/bin/../lib/gcc/arm-none-eabi/11.3.1/../../../../arm-none-eabi/lib/thumb/v7e-m+fp/hard\libc_nano.a(libc_a-init.o)
 .debug_frame   0x0000000000003b70       0xb0 E:/CUBEIDE/STM32CubeIDE_1.13.1/STM32CubeIDE/plugins/com.st.stm32cube.ide.mcu.externaltools.gnu-tools-for-stm32.11.3.rel1.win32_1.1.0.202305231506/tools/bin/../lib/gcc/arm-none-eabi/11.3.1/../../../../arm-none-eabi/lib/thumb/v7e-m+fp/hard\libc_nano.a(libc_a-lock.o)
 .debug_frame   0x0000000000003c20       0x38 E:/CUBEIDE/STM32CubeIDE_1.13.1/STM32CubeIDE/plugins/com.st.stm32cube.ide.mcu.externaltools.gnu-tools-for-stm32.11.3.rel1.win32_1.1.0.202305231506/tools/bin/../lib/gcc/arm-none-eabi/11.3.1/../../../../arm-none-eabi/lib/thumb/v7e-m+fp/hard\libc_nano.a(libc_a-freer.o)
 .debug_frame   0x0000000000003c58       0x50 E:/CUBEIDE/STM32CubeIDE_1.13.1/STM32CubeIDE/plugins/com.st.stm32cube.ide.mcu.externaltools.gnu-tools-for-stm32.11.3.rel1.win32_1.1.0.202305231506/tools/bin/../lib/gcc/arm-none-eabi/11.3.1/../../../../arm-none-eabi/lib/thumb/v7e-m+fp/hard\libc_nano.a(libc_a-mallocr.o)
 .debug_frame   0x0000000000003ca8       0x30 E:/CUBEIDE/STM32CubeIDE_1.13.1/STM32CubeIDE/plugins/com.st.stm32cube.ide.mcu.externaltools.gnu-tools-for-stm32.11.3.rel1.win32_1.1.0.202305231506/tools/bin/../lib/gcc/arm-none-eabi/11.3.1/../../../../arm-none-eabi/lib/thumb/v7e-m+fp/hard\libc_nano.a(libc_a-mlock.o)
 .debug_frame   0x0000000000003cd8       0x2c E:/CUBEIDE/STM32CubeIDE_1.13.1/STM32CubeIDE/plugins/com.st.stm32cube.ide.mcu.externaltools.gnu-tools-for-stm32.11.3.rel1.win32_1.1.0.202305231506/tools/bin/../lib/gcc/arm-none-eabi/11.3.1/thumb/v7e-m+fp/hard\libgcc.a(_aeabi_uldivmod.o)
 .debug_frame   0x0000000000003d04       0x34 E:/CUBEIDE/STM32CubeIDE_1.13.1/STM32CubeIDE/plugins/com.st.stm32cube.ide.mcu.externaltools.gnu-tools-for-stm32.11.3.rel1.win32_1.1.0.202305231506/tools/bin/../lib/gcc/arm-none-eabi/11.3.1/thumb/v7e-m+fp/hard\libgcc.a(_udivmoddi4.o)

.debug_line_str
                0x0000000000000000       0x63
 .debug_line_str
                0x0000000000000000       0x63 ./Application/User/Startup/startup_stm32f405rgtx.o
                                         0x7b (size before relaxing)
