E:/stm32/FREE_RTOS/LED_RTOS/Core/Src/main.c:77:5:main	1
E:/stm32/FREE_RTOS/LED_RTOS/Core/Src/main.c:161:6:SystemClock_Config	3
E:/stm32/FREE_RTOS/LED_RTOS/Core/Src/main.c:207:13:MX_GPIO_Init	1
E:/stm32/FREE_RTOS/LED_RTOS/Core/Src/main.c:243:6:LED_Thread	1
E:/stm32/FREE_RTOS/LED_RTOS/Core/Src/main.c:269:6:LED_Thread1	1
E:/stm32/FREE_RTOS/LED_RTOS/Core/Src/main.c:293:6:LED_Thread2	1
E:/stm32/FREE_RTOS/LED_RTOS/Core/Src/main.c:317:6:LED_Thread3	1
E:/stm32/FREE_RTOS/LED_RTOS/Core/Src/main.c:343:6:HAL_TIM_PeriodElapsedCallback	2
E:/stm32/FREE_RTOS/LED_RTOS/Core/Src/main.c:360:6:Error_Handler	1
